2025-07-04 10:43:41.069  INFO 22792 --- [restartedMain] com.ins1st.Ins1stWebApplication          : Starting Ins1stWebApplication on Hua-WinLap with PID 22792 (D:\Code\second-goods-arriving\book_admin\ins1st-web\target\classes started by 0657 in D:\Code\second-goods-arriving\book_admin)
2025-07-04 10:43:41.076 DEBUG 22792 --- [restartedMain] com.ins1st.Ins1stWebApplication          : Running with Spring Boot v2.1.4.RELEASE, Spring v5.1.6.RELEASE
2025-07-04 10:43:41.076  INFO 22792 --- [restartedMain] com.ins1st.Ins1stWebApplication          : No active profile set, falling back to default profiles: default
2025-07-04 10:43:41.133  INFO 22792 --- [restartedMain] .e.DevToolsPropertyDefaultsPostProcessor : Devtools property defaults active! Set 'spring.devtools.add-properties' to 'false' to disable
2025-07-04 10:43:41.134  INFO 22792 --- [restartedMain] .e.DevToolsPropertyDefaultsPostProcessor : For additional web related logging consider setting the 'logging.level.web' property to 'DEBUG'
2025-07-04 10:43:42.719  INFO 22792 --- [restartedMain] .s.d.r.c.RepositoryConfigurationDelegate : Multiple Spring Data modules found, entering strict repository configuration mode!
2025-07-04 10:43:42.721  INFO 22792 --- [restartedMain] .s.d.r.c.RepositoryConfigurationDelegate : Bootstrapping Spring Data repositories in DEFAULT mode.
2025-07-04 10:43:42.859  INFO 22792 --- [restartedMain] .s.d.r.c.RepositoryConfigurationDelegate : Finished Spring Data repository scanning in 124ms. Found 0 repository interfaces.
2025-07-04 10:43:43.326  INFO 22792 --- [restartedMain] trationDelegate$BeanPostProcessorChecker : Bean 'org.springframework.transaction.annotation.ProxyTransactionManagementConfiguration' of type [org.springframework.transaction.annotation.ProxyTransactionManagementConfiguration$$EnhancerBySpringCGLIB$$efca2008] is not eligible for getting processed by all BeanPostProcessors (for example: not eligible for auto-proxying)
2025-07-04 10:43:43.345  INFO 22792 --- [restartedMain] trationDelegate$BeanPostProcessorChecker : Bean 'shiroConfig' of type [com.ins1st.core.shiro.ShiroConfig$$EnhancerBySpringCGLIB$$7653ed31] is not eligible for getting processed by all BeanPostProcessors (for example: not eligible for auto-proxying)
2025-07-04 10:43:43.361  INFO 22792 --- [restartedMain] trationDelegate$BeanPostProcessorChecker : Bean 'spring.cache-org.springframework.boot.autoconfigure.cache.CacheProperties' of type [org.springframework.boot.autoconfigure.cache.CacheProperties] is not eligible for getting processed by all BeanPostProcessors (for example: not eligible for auto-proxying)
2025-07-04 10:43:43.365  INFO 22792 --- [restartedMain] trationDelegate$BeanPostProcessorChecker : Bean 'org.springframework.boot.autoconfigure.cache.CacheAutoConfiguration' of type [org.springframework.boot.autoconfigure.cache.CacheAutoConfiguration$$EnhancerBySpringCGLIB$$2d501aca] is not eligible for getting processed by all BeanPostProcessors (for example: not eligible for auto-proxying)
2025-07-04 10:43:43.371  INFO 22792 --- [restartedMain] trationDelegate$BeanPostProcessorChecker : Bean 'cacheManagerCustomizers' of type [org.springframework.boot.autoconfigure.cache.CacheManagerCustomizers] is not eligible for getting processed by all BeanPostProcessors (for example: not eligible for auto-proxying)
2025-07-04 10:43:43.372  INFO 22792 --- [restartedMain] trationDelegate$BeanPostProcessorChecker : Bean 'org.springframework.boot.autoconfigure.cache.EhCacheCacheConfiguration' of type [org.springframework.boot.autoconfigure.cache.EhCacheCacheConfiguration$$EnhancerBySpringCGLIB$$c7eee7c8] is not eligible for getting processed by all BeanPostProcessors (for example: not eligible for auto-proxying)
2025-07-04 10:43:43.435  INFO 22792 --- [restartedMain] trationDelegate$BeanPostProcessorChecker : Bean 'ehCacheCacheManager' of type [net.sf.ehcache.CacheManager] is not eligible for getting processed by all BeanPostProcessors (for example: not eligible for auto-proxying)
2025-07-04 10:43:43.450  INFO 22792 --- [restartedMain] trationDelegate$BeanPostProcessorChecker : Bean 'ehCacheManager' of type [org.apache.shiro.cache.ehcache.EhCacheManager] is not eligible for getting processed by all BeanPostProcessors (for example: not eligible for auto-proxying)
2025-07-04 10:43:44.232  INFO 22792 --- [restartedMain] trationDelegate$BeanPostProcessorChecker : Bean 'mybatis-plus-com.baomidou.mybatisplus.autoconfigure.MybatisPlusProperties' of type [com.baomidou.mybatisplus.autoconfigure.MybatisPlusProperties] is not eligible for getting processed by all BeanPostProcessors (for example: not eligible for auto-proxying)
2025-07-04 10:43:44.238  INFO 22792 --- [restartedMain] trationDelegate$BeanPostProcessorChecker : Bean 'mybatisPlusConfig' of type [com.ins1st.core.config.mybatisplus.MybatisPlusConfig$$EnhancerBySpringCGLIB$$4a6b2a01] is not eligible for getting processed by all BeanPostProcessors (for example: not eligible for auto-proxying)
2025-07-04 10:43:44.242  INFO 22792 --- [restartedMain] trationDelegate$BeanPostProcessorChecker : Bean 'paginationInterceptor' of type [com.baomidou.mybatisplus.extension.plugins.PaginationInterceptor] is not eligible for getting processed by all BeanPostProcessors (for example: not eligible for auto-proxying)
2025-07-04 10:43:44.247  INFO 22792 --- [restartedMain] trationDelegate$BeanPostProcessorChecker : Bean 'com.baomidou.mybatisplus.autoconfigure.MybatisPlusAutoConfiguration' of type [com.baomidou.mybatisplus.autoconfigure.MybatisPlusAutoConfiguration$$EnhancerBySpringCGLIB$$2d928ca2] is not eligible for getting processed by all BeanPostProcessors (for example: not eligible for auto-proxying)
2025-07-04 10:43:44.250  INFO 22792 --- [restartedMain] trationDelegate$BeanPostProcessorChecker : Bean 'druidConfig' of type [com.ins1st.core.config.druid.DruidConfig$$EnhancerBySpringCGLIB$$c717f44b] is not eligible for getting processed by all BeanPostProcessors (for example: not eligible for auto-proxying)
2025-07-04 10:43:44.311  INFO 22792 --- [restartedMain] trationDelegate$BeanPostProcessorChecker : Bean 'druidDataSource' of type [com.alibaba.druid.pool.DruidDataSource] is not eligible for getting processed by all BeanPostProcessors (for example: not eligible for auto-proxying)
2025-07-04 10:43:44.339  INFO 22792 --- [restartedMain] trationDelegate$BeanPostProcessorChecker : Bean 'spring.datasource-org.springframework.boot.autoconfigure.jdbc.DataSourceProperties' of type [org.springframework.boot.autoconfigure.jdbc.DataSourceProperties] is not eligible for getting processed by all BeanPostProcessors (for example: not eligible for auto-proxying)
2025-07-04 10:43:44.344  INFO 22792 --- [restartedMain] trationDelegate$BeanPostProcessorChecker : Bean 'org.springframework.boot.autoconfigure.jdbc.DataSourceInitializerInvoker' of type [org.springframework.boot.autoconfigure.jdbc.DataSourceInitializerInvoker] is not eligible for getting processed by all BeanPostProcessors (for example: not eligible for auto-proxying)
2025-07-04 10:43:44.637  INFO 22792 --- [restartedMain] com.alibaba.druid.pool.DruidDataSource   : {dataSource-1} inited
2025-07-04 10:43:45.038  INFO 22792 --- [restartedMain] trationDelegate$BeanPostProcessorChecker : Bean 'sqlSessionFactory' of type [org.apache.ibatis.session.defaults.DefaultSqlSessionFactory] is not eligible for getting processed by all BeanPostProcessors (for example: not eligible for auto-proxying)
2025-07-04 10:43:45.045  INFO 22792 --- [restartedMain] trationDelegate$BeanPostProcessorChecker : Bean 'sqlSessionTemplate' of type [org.mybatis.spring.SqlSessionTemplate] is not eligible for getting processed by all BeanPostProcessors (for example: not eligible for auto-proxying)
2025-07-04 10:43:45.047  INFO 22792 --- [restartedMain] trationDelegate$BeanPostProcessorChecker : Bean 'sysUserMapper' of type [org.mybatis.spring.mapper.MapperFactoryBean] is not eligible for getting processed by all BeanPostProcessors (for example: not eligible for auto-proxying)
2025-07-04 10:43:45.050  INFO 22792 --- [restartedMain] trationDelegate$BeanPostProcessorChecker : Bean 'sysUserMapper' of type [com.sun.proxy.$Proxy89] is not eligible for getting processed by all BeanPostProcessors (for example: not eligible for auto-proxying)
2025-07-04 10:43:45.055  INFO 22792 --- [restartedMain] trationDelegate$BeanPostProcessorChecker : Bean 'sysUserRoleMapper' of type [org.mybatis.spring.mapper.MapperFactoryBean] is not eligible for getting processed by all BeanPostProcessors (for example: not eligible for auto-proxying)
2025-07-04 10:43:45.055  INFO 22792 --- [restartedMain] trationDelegate$BeanPostProcessorChecker : Bean 'sysUserRoleMapper' of type [com.sun.proxy.$Proxy91] is not eligible for getting processed by all BeanPostProcessors (for example: not eligible for auto-proxying)
2025-07-04 10:43:45.059  INFO 22792 --- [restartedMain] trationDelegate$BeanPostProcessorChecker : Bean 'sysRoleMapper' of type [org.mybatis.spring.mapper.MapperFactoryBean] is not eligible for getting processed by all BeanPostProcessors (for example: not eligible for auto-proxying)
2025-07-04 10:43:45.060  INFO 22792 --- [restartedMain] trationDelegate$BeanPostProcessorChecker : Bean 'sysRoleMapper' of type [com.sun.proxy.$Proxy92] is not eligible for getting processed by all BeanPostProcessors (for example: not eligible for auto-proxying)
2025-07-04 10:43:45.064  INFO 22792 --- [restartedMain] trationDelegate$BeanPostProcessorChecker : Bean 'sysRoleMenuMapper' of type [org.mybatis.spring.mapper.MapperFactoryBean] is not eligible for getting processed by all BeanPostProcessors (for example: not eligible for auto-proxying)
2025-07-04 10:43:45.065  INFO 22792 --- [restartedMain] trationDelegate$BeanPostProcessorChecker : Bean 'sysRoleMenuMapper' of type [com.sun.proxy.$Proxy93] is not eligible for getting processed by all BeanPostProcessors (for example: not eligible for auto-proxying)
2025-07-04 10:43:45.067  INFO 22792 --- [restartedMain] trationDelegate$BeanPostProcessorChecker : Bean 'sysMenuMapper' of type [org.mybatis.spring.mapper.MapperFactoryBean] is not eligible for getting processed by all BeanPostProcessors (for example: not eligible for auto-proxying)
2025-07-04 10:43:45.068  INFO 22792 --- [restartedMain] trationDelegate$BeanPostProcessorChecker : Bean 'sysMenuMapper' of type [com.sun.proxy.$Proxy94] is not eligible for getting processed by all BeanPostProcessors (for example: not eligible for auto-proxying)
2025-07-04 10:43:45.069  INFO 22792 --- [restartedMain] trationDelegate$BeanPostProcessorChecker : Bean 'sysUserService' of type [com.ins1st.modules.sys.user.service.impl.SysUserServiceImpl] is not eligible for getting processed by all BeanPostProcessors (for example: not eligible for auto-proxying)
2025-07-04 10:43:45.096  INFO 22792 --- [restartedMain] trationDelegate$BeanPostProcessorChecker : Bean 'shiroRealm' of type [com.ins1st.core.shiro.ShiroRealm] is not eligible for getting processed by all BeanPostProcessors (for example: not eligible for auto-proxying)
2025-07-04 10:43:45.100  INFO 22792 --- [restartedMain] o.a.shiro.cache.ehcache.EhCacheManager   : Cache with name 'com.ins1st.core.shiro.ShiroRealm.authorizationCache' does not yet exist.  Creating now.
2025-07-04 10:43:45.146  INFO 22792 --- [restartedMain] o.a.shiro.cache.ehcache.EhCacheManager   : Added EhCache named [com.ins1st.core.shiro.ShiroRealm.authorizationCache]
2025-07-04 10:43:45.150  INFO 22792 --- [restartedMain] trationDelegate$BeanPostProcessorChecker : Bean 'securityManager' of type [org.apache.shiro.web.mgt.DefaultWebSecurityManager] is not eligible for getting processed by all BeanPostProcessors (for example: not eligible for auto-proxying)
2025-07-04 10:43:45.538  INFO 22792 --- [restartedMain] o.s.b.w.embedded.tomcat.TomcatWebServer  : Tomcat initialized with port(s): 8888 (http)
2025-07-04 10:43:45.560  INFO 22792 --- [restartedMain] o.apache.catalina.core.StandardService   : Starting service [Tomcat]
2025-07-04 10:43:45.561  INFO 22792 --- [restartedMain] org.apache.catalina.core.StandardEngine  : Starting Servlet engine: [Apache Tomcat/9.0.17]
2025-07-04 10:43:45.704  INFO 22792 --- [restartedMain] o.a.c.c.C.[Tomcat].[localhost].[/]       : Initializing Spring embedded WebApplicationContext
2025-07-04 10:43:45.704  INFO 22792 --- [restartedMain] o.s.web.context.ContextLoader            : Root WebApplicationContext: initialization completed in 4570 ms
2025-07-04 10:43:46.391  INFO 22792 --- [restartedMain] pertySourcedRequestMappingHandlerMapping : Mapped URL path [/v2/api-docs] onto method [public org.springframework.http.ResponseEntity<springfox.documentation.spring.web.json.Json> springfox.documentation.swagger2.web.Swagger2Controller.getDocumentation(java.lang.String,javax.servlet.http.HttpServletRequest)]
2025-07-04 10:43:46.509  INFO 22792 --- [restartedMain] o.s.s.concurrent.ThreadPoolTaskExecutor  : Initializing ExecutorService 'applicationTaskExecutor'
2025-07-04 10:43:46.568  INFO 22792 --- [restartedMain] o.s.b.d.a.OptionalLiveReloadServer       : LiveReload server is running on port 35729
2025-07-04 10:43:47.174  INFO 22792 --- [restartedMain] d.s.w.p.DocumentationPluginsBootstrapper : Context refreshed
2025-07-04 10:43:47.189  INFO 22792 --- [restartedMain] d.s.w.p.DocumentationPluginsBootstrapper : Found 1 custom documentation plugin(s)
2025-07-04 10:43:47.209  INFO 22792 --- [restartedMain] s.d.s.w.s.ApiListingReferenceScanner     : Scanning for api listing references
2025-07-04 10:43:47.427  INFO 22792 --- [restartedMain] o.s.b.w.embedded.tomcat.TomcatWebServer  : Tomcat started on port(s): 8888 (http) with context path ''
2025-07-04 10:43:47.430  INFO 22792 --- [restartedMain] com.ins1st.Ins1stWebApplication          : Started Ins1stWebApplication in 6.811 seconds (JVM running for 8.302)
2025-07-04 10:44:02.904  INFO 22792 --- [http-nio-8888-exec-1] o.a.c.c.C.[Tomcat].[localhost].[/]       : Initializing Spring DispatcherServlet 'dispatcherServlet'
2025-07-04 10:44:02.905  INFO 22792 --- [http-nio-8888-exec-1] o.s.web.servlet.DispatcherServlet        : Initializing Servlet 'dispatcherServlet'
2025-07-04 10:44:02.925  INFO 22792 --- [http-nio-8888-exec-1] o.s.web.servlet.DispatcherServlet        : Completed initialization in 19 ms
2025-07-04 10:44:08.639 DEBUG 22792 --- [http-nio-8888-exec-4] c.i.m.s.u.m.SysUserMapper.selectOne      : ==>  Preparing: SELECT id,user_name,user_nick,user_pwd,user_email,user_mobile,user_sex,role_ids,status FROM sys_user WHERE user_name = ? 
2025-07-04 10:44:08.790 DEBUG 22792 --- [http-nio-8888-exec-4] c.i.m.s.u.m.SysUserMapper.selectOne      : ==> Parameters: admin(String)
2025-07-04 10:44:08.872 DEBUG 22792 --- [http-nio-8888-exec-4] c.i.m.s.u.m.SysUserMapper.selectOne      : <==      Total: 1
2025-07-04 10:44:08.991 DEBUG 22792 --- [http-nio-8888-exec-1] c.i.m.s.r.m.S.selectList                 : ==>  Preparing: SELECT id,user_id,role_id FROM sys_user_role WHERE user_id = ? 
2025-07-04 10:44:08.991 DEBUG 22792 --- [http-nio-8888-exec-1] c.i.m.s.r.m.S.selectList                 : ==> Parameters: 4(Integer)
2025-07-04 10:44:09.008 DEBUG 22792 --- [http-nio-8888-exec-1] c.i.m.s.r.m.S.selectList                 : <==      Total: 2
2025-07-04 10:44:09.008 DEBUG 22792 --- [http-nio-8888-exec-1] c.i.m.s.r.m.SysRoleMapper.selectById     : ==>  Preparing: SELECT id,name,status,keyword,sort FROM sys_role WHERE id=? 
2025-07-04 10:44:09.008 DEBUG 22792 --- [http-nio-8888-exec-1] c.i.m.s.r.m.SysRoleMapper.selectById     : ==> Parameters: 1(Integer)
2025-07-04 10:44:09.022 DEBUG 22792 --- [http-nio-8888-exec-1] c.i.m.s.r.m.SysRoleMapper.selectById     : <==      Total: 1
2025-07-04 10:44:09.024 DEBUG 22792 --- [http-nio-8888-exec-1] c.i.m.s.r.m.SysRoleMapper.selectById     : ==>  Preparing: SELECT id,name,status,keyword,sort FROM sys_role WHERE id=? 
2025-07-04 10:44:09.024 DEBUG 22792 --- [http-nio-8888-exec-1] c.i.m.s.r.m.SysRoleMapper.selectById     : ==> Parameters: 7(Integer)
2025-07-04 10:44:09.024 DEBUG 22792 --- [http-nio-8888-exec-1] c.i.m.s.r.m.SysRoleMapper.selectById     : <==      Total: 0
2025-07-04 10:44:09.024 DEBUG 22792 --- [http-nio-8888-exec-1] c.i.m.s.r.m.S.selectList                 : ==>  Preparing: SELECT id,role_id,menu_id FROM sys_role_menu WHERE role_id = ? 
2025-07-04 10:44:09.024 DEBUG 22792 --- [http-nio-8888-exec-1] c.i.m.s.r.m.S.selectList                 : ==> Parameters: 1(Integer)
2025-07-04 10:44:09.039 DEBUG 22792 --- [http-nio-8888-exec-1] c.i.m.s.r.m.S.selectList                 : <==      Total: 14
2025-07-04 10:44:09.040 DEBUG 22792 --- [http-nio-8888-exec-1] c.i.m.s.m.m.SysMenuMapper.selectById     : ==>  Preparing: SELECT id,p_id,name,url,role,is_menu,icon,sort,level FROM sys_menu WHERE id=? 
2025-07-04 10:44:09.042 DEBUG 22792 --- [http-nio-8888-exec-1] c.i.m.s.m.m.SysMenuMapper.selectById     : ==> Parameters: 1(Integer)
2025-07-04 10:44:09.042 DEBUG 22792 --- [http-nio-8888-exec-1] c.i.m.s.m.m.SysMenuMapper.selectById     : <==      Total: 1
2025-07-04 10:44:09.042 DEBUG 22792 --- [http-nio-8888-exec-1] c.i.m.s.m.m.SysMenuMapper.selectById     : ==>  Preparing: SELECT id,p_id,name,url,role,is_menu,icon,sort,level FROM sys_menu WHERE id=? 
2025-07-04 10:44:09.042 DEBUG 22792 --- [http-nio-8888-exec-1] c.i.m.s.m.m.SysMenuMapper.selectById     : ==> Parameters: 2(Integer)
2025-07-04 10:44:09.052 DEBUG 22792 --- [http-nio-8888-exec-1] c.i.m.s.m.m.SysMenuMapper.selectById     : <==      Total: 1
2025-07-04 10:44:09.052 DEBUG 22792 --- [http-nio-8888-exec-1] c.i.m.s.m.m.SysMenuMapper.selectById     : ==>  Preparing: SELECT id,p_id,name,url,role,is_menu,icon,sort,level FROM sys_menu WHERE id=? 
2025-07-04 10:44:09.052 DEBUG 22792 --- [http-nio-8888-exec-1] c.i.m.s.m.m.SysMenuMapper.selectById     : ==> Parameters: 32(Integer)
2025-07-04 10:44:09.056 DEBUG 22792 --- [http-nio-8888-exec-1] c.i.m.s.m.m.SysMenuMapper.selectById     : <==      Total: 1
2025-07-04 10:44:09.056 DEBUG 22792 --- [http-nio-8888-exec-1] c.i.m.s.m.m.SysMenuMapper.selectById     : ==>  Preparing: SELECT id,p_id,name,url,role,is_menu,icon,sort,level FROM sys_menu WHERE id=? 
2025-07-04 10:44:09.056 DEBUG 22792 --- [http-nio-8888-exec-1] c.i.m.s.m.m.SysMenuMapper.selectById     : ==> Parameters: 3(Integer)
2025-07-04 10:44:09.059 DEBUG 22792 --- [http-nio-8888-exec-1] c.i.m.s.m.m.SysMenuMapper.selectById     : <==      Total: 1
2025-07-04 10:44:09.061 DEBUG 22792 --- [http-nio-8888-exec-1] c.i.m.s.m.m.SysMenuMapper.selectById     : ==>  Preparing: SELECT id,p_id,name,url,role,is_menu,icon,sort,level FROM sys_menu WHERE id=? 
2025-07-04 10:44:09.061 DEBUG 22792 --- [http-nio-8888-exec-1] c.i.m.s.m.m.SysMenuMapper.selectById     : ==> Parameters: 4(Integer)
2025-07-04 10:44:09.061 DEBUG 22792 --- [http-nio-8888-exec-1] c.i.m.s.m.m.SysMenuMapper.selectById     : <==      Total: 1
2025-07-04 10:44:09.061 DEBUG 22792 --- [http-nio-8888-exec-1] c.i.m.s.m.m.SysMenuMapper.selectById     : ==>  Preparing: SELECT id,p_id,name,url,role,is_menu,icon,sort,level FROM sys_menu WHERE id=? 
2025-07-04 10:44:09.061 DEBUG 22792 --- [http-nio-8888-exec-1] c.i.m.s.m.m.SysMenuMapper.selectById     : ==> Parameters: 6(Integer)
2025-07-04 10:44:09.061 DEBUG 22792 --- [http-nio-8888-exec-1] c.i.m.s.m.m.SysMenuMapper.selectById     : <==      Total: 1
2025-07-04 10:44:09.061 DEBUG 22792 --- [http-nio-8888-exec-1] c.i.m.s.m.m.SysMenuMapper.selectById     : ==>  Preparing: SELECT id,p_id,name,url,role,is_menu,icon,sort,level FROM sys_menu WHERE id=? 
2025-07-04 10:44:09.061 DEBUG 22792 --- [http-nio-8888-exec-1] c.i.m.s.m.m.SysMenuMapper.selectById     : ==> Parameters: 31(Integer)
2025-07-04 10:44:09.061 DEBUG 22792 --- [http-nio-8888-exec-1] c.i.m.s.m.m.SysMenuMapper.selectById     : <==      Total: 1
2025-07-04 10:44:09.061 DEBUG 22792 --- [http-nio-8888-exec-1] c.i.m.s.m.m.SysMenuMapper.selectById     : ==>  Preparing: SELECT id,p_id,name,url,role,is_menu,icon,sort,level FROM sys_menu WHERE id=? 
2025-07-04 10:44:09.061 DEBUG 22792 --- [http-nio-8888-exec-1] c.i.m.s.m.m.SysMenuMapper.selectById     : ==> Parameters: 7(Integer)
2025-07-04 10:44:09.061 DEBUG 22792 --- [http-nio-8888-exec-1] c.i.m.s.m.m.SysMenuMapper.selectById     : <==      Total: 1
2025-07-04 10:44:09.061 DEBUG 22792 --- [http-nio-8888-exec-1] c.i.m.s.m.m.SysMenuMapper.selectById     : ==>  Preparing: SELECT id,p_id,name,url,role,is_menu,icon,sort,level FROM sys_menu WHERE id=? 
2025-07-04 10:44:09.072 DEBUG 22792 --- [http-nio-8888-exec-1] c.i.m.s.m.m.SysMenuMapper.selectById     : ==> Parameters: 34(Integer)
2025-07-04 10:44:09.074 DEBUG 22792 --- [http-nio-8888-exec-1] c.i.m.s.m.m.SysMenuMapper.selectById     : <==      Total: 1
2025-07-04 10:44:09.075 DEBUG 22792 --- [http-nio-8888-exec-1] c.i.m.s.m.m.SysMenuMapper.selectById     : ==>  Preparing: SELECT id,p_id,name,url,role,is_menu,icon,sort,level FROM sys_menu WHERE id=? 
2025-07-04 10:44:09.075 DEBUG 22792 --- [http-nio-8888-exec-1] c.i.m.s.m.m.SysMenuMapper.selectById     : ==> Parameters: 35(Integer)
2025-07-04 10:44:09.075 DEBUG 22792 --- [http-nio-8888-exec-1] c.i.m.s.m.m.SysMenuMapper.selectById     : <==      Total: 1
2025-07-04 10:44:09.075 DEBUG 22792 --- [http-nio-8888-exec-1] c.i.m.s.m.m.SysMenuMapper.selectById     : ==>  Preparing: SELECT id,p_id,name,url,role,is_menu,icon,sort,level FROM sys_menu WHERE id=? 
2025-07-04 10:44:09.075 DEBUG 22792 --- [http-nio-8888-exec-1] c.i.m.s.m.m.SysMenuMapper.selectById     : ==> Parameters: 36(Integer)
2025-07-04 10:44:09.075 DEBUG 22792 --- [http-nio-8888-exec-1] c.i.m.s.m.m.SysMenuMapper.selectById     : <==      Total: 1
2025-07-04 10:44:09.075 DEBUG 22792 --- [http-nio-8888-exec-1] c.i.m.s.m.m.SysMenuMapper.selectById     : ==>  Preparing: SELECT id,p_id,name,url,role,is_menu,icon,sort,level FROM sys_menu WHERE id=? 
2025-07-04 10:44:09.075 DEBUG 22792 --- [http-nio-8888-exec-1] c.i.m.s.m.m.SysMenuMapper.selectById     : ==> Parameters: 37(Integer)
2025-07-04 10:44:09.075 DEBUG 22792 --- [http-nio-8888-exec-1] c.i.m.s.m.m.SysMenuMapper.selectById     : <==      Total: 1
2025-07-04 10:44:09.089 DEBUG 22792 --- [http-nio-8888-exec-1] c.i.m.s.m.m.SysMenuMapper.selectById     : ==>  Preparing: SELECT id,p_id,name,url,role,is_menu,icon,sort,level FROM sys_menu WHERE id=? 
2025-07-04 10:44:09.090 DEBUG 22792 --- [http-nio-8888-exec-1] c.i.m.s.m.m.SysMenuMapper.selectById     : ==> Parameters: 38(Integer)
2025-07-04 10:44:09.090 DEBUG 22792 --- [http-nio-8888-exec-1] c.i.m.s.m.m.SysMenuMapper.selectById     : <==      Total: 1
2025-07-04 10:44:09.090 DEBUG 22792 --- [http-nio-8888-exec-1] c.i.m.s.m.m.SysMenuMapper.selectById     : ==>  Preparing: SELECT id,p_id,name,url,role,is_menu,icon,sort,level FROM sys_menu WHERE id=? 
2025-07-04 10:44:09.090 DEBUG 22792 --- [http-nio-8888-exec-1] c.i.m.s.m.m.SysMenuMapper.selectById     : ==> Parameters: 29(Integer)
2025-07-04 10:44:09.095 DEBUG 22792 --- [http-nio-8888-exec-1] c.i.m.s.m.m.SysMenuMapper.selectById     : <==      Total: 1
2025-07-04 10:45:12.923  INFO 22792 --- [Thread-24] o.s.s.concurrent.ThreadPoolTaskExecutor  : Shutting down ExecutorService 'applicationTaskExecutor'
2025-07-04 10:45:12.925  INFO 22792 --- [Thread-24] com.alibaba.druid.pool.DruidDataSource   : {dataSource-1} closing ...
2025-07-04 10:45:12.931  INFO 22792 --- [Thread-24] com.alibaba.druid.pool.DruidDataSource   : {dataSource-1} closed
2025-07-04 10:45:17.168  INFO 33372 --- [restartedMain] com.ins1st.Ins1stWebApplication          : Starting Ins1stWebApplication on Hua-WinLap with PID 33372 (D:\Code\second-goods-arriving\book_admin\ins1st-web\target\classes started by 0657 in D:\Code\second-goods-arriving\book_admin)
2025-07-04 10:45:17.171 DEBUG 33372 --- [restartedMain] com.ins1st.Ins1stWebApplication          : Running with Spring Boot v2.1.4.RELEASE, Spring v5.1.6.RELEASE
2025-07-04 10:45:17.171  INFO 33372 --- [restartedMain] com.ins1st.Ins1stWebApplication          : No active profile set, falling back to default profiles: default
2025-07-04 10:45:17.220  INFO 33372 --- [restartedMain] .e.DevToolsPropertyDefaultsPostProcessor : Devtools property defaults active! Set 'spring.devtools.add-properties' to 'false' to disable
2025-07-04 10:45:17.220  INFO 33372 --- [restartedMain] .e.DevToolsPropertyDefaultsPostProcessor : For additional web related logging consider setting the 'logging.level.web' property to 'DEBUG'
2025-07-04 10:45:18.892  INFO 33372 --- [restartedMain] .s.d.r.c.RepositoryConfigurationDelegate : Multiple Spring Data modules found, entering strict repository configuration mode!
2025-07-04 10:45:18.896  INFO 33372 --- [restartedMain] .s.d.r.c.RepositoryConfigurationDelegate : Bootstrapping Spring Data repositories in DEFAULT mode.
2025-07-04 10:45:19.018  INFO 33372 --- [restartedMain] .s.d.r.c.RepositoryConfigurationDelegate : Finished Spring Data repository scanning in 111ms. Found 0 repository interfaces.
2025-07-04 10:45:19.429  INFO 33372 --- [restartedMain] trationDelegate$BeanPostProcessorChecker : Bean 'org.springframework.transaction.annotation.ProxyTransactionManagementConfiguration' of type [org.springframework.transaction.annotation.ProxyTransactionManagementConfiguration$$EnhancerBySpringCGLIB$$188afa5] is not eligible for getting processed by all BeanPostProcessors (for example: not eligible for auto-proxying)
2025-07-04 10:45:19.444  INFO 33372 --- [restartedMain] trationDelegate$BeanPostProcessorChecker : Bean 'shiroConfig' of type [com.ins1st.core.shiro.ShiroConfig$$EnhancerBySpringCGLIB$$88127cce] is not eligible for getting processed by all BeanPostProcessors (for example: not eligible for auto-proxying)
2025-07-04 10:45:19.459  INFO 33372 --- [restartedMain] trationDelegate$BeanPostProcessorChecker : Bean 'spring.cache-org.springframework.boot.autoconfigure.cache.CacheProperties' of type [org.springframework.boot.autoconfigure.cache.CacheProperties] is not eligible for getting processed by all BeanPostProcessors (for example: not eligible for auto-proxying)
2025-07-04 10:45:19.463  INFO 33372 --- [restartedMain] trationDelegate$BeanPostProcessorChecker : Bean 'org.springframework.boot.autoconfigure.cache.CacheAutoConfiguration' of type [org.springframework.boot.autoconfigure.cache.CacheAutoConfiguration$$EnhancerBySpringCGLIB$$3f0eaa67] is not eligible for getting processed by all BeanPostProcessors (for example: not eligible for auto-proxying)
2025-07-04 10:45:19.468  INFO 33372 --- [restartedMain] trationDelegate$BeanPostProcessorChecker : Bean 'cacheManagerCustomizers' of type [org.springframework.boot.autoconfigure.cache.CacheManagerCustomizers] is not eligible for getting processed by all BeanPostProcessors (for example: not eligible for auto-proxying)
2025-07-04 10:45:19.469  INFO 33372 --- [restartedMain] trationDelegate$BeanPostProcessorChecker : Bean 'org.springframework.boot.autoconfigure.cache.EhCacheCacheConfiguration' of type [org.springframework.boot.autoconfigure.cache.EhCacheCacheConfiguration$$EnhancerBySpringCGLIB$$d9ad7765] is not eligible for getting processed by all BeanPostProcessors (for example: not eligible for auto-proxying)
2025-07-04 10:45:19.527  INFO 33372 --- [restartedMain] trationDelegate$BeanPostProcessorChecker : Bean 'ehCacheCacheManager' of type [net.sf.ehcache.CacheManager] is not eligible for getting processed by all BeanPostProcessors (for example: not eligible for auto-proxying)
2025-07-04 10:45:19.543  INFO 33372 --- [restartedMain] trationDelegate$BeanPostProcessorChecker : Bean 'ehCacheManager' of type [org.apache.shiro.cache.ehcache.EhCacheManager] is not eligible for getting processed by all BeanPostProcessors (for example: not eligible for auto-proxying)
2025-07-04 10:45:20.276  INFO 33372 --- [restartedMain] trationDelegate$BeanPostProcessorChecker : Bean 'mybatis-plus-com.baomidou.mybatisplus.autoconfigure.MybatisPlusProperties' of type [com.baomidou.mybatisplus.autoconfigure.MybatisPlusProperties] is not eligible for getting processed by all BeanPostProcessors (for example: not eligible for auto-proxying)
2025-07-04 10:45:20.282  INFO 33372 --- [restartedMain] trationDelegate$BeanPostProcessorChecker : Bean 'mybatisPlusConfig' of type [com.ins1st.core.config.mybatisplus.MybatisPlusConfig$$EnhancerBySpringCGLIB$$5c29b99e] is not eligible for getting processed by all BeanPostProcessors (for example: not eligible for auto-proxying)
2025-07-04 10:45:20.286  INFO 33372 --- [restartedMain] trationDelegate$BeanPostProcessorChecker : Bean 'paginationInterceptor' of type [com.baomidou.mybatisplus.extension.plugins.PaginationInterceptor] is not eligible for getting processed by all BeanPostProcessors (for example: not eligible for auto-proxying)
2025-07-04 10:45:20.291  INFO 33372 --- [restartedMain] trationDelegate$BeanPostProcessorChecker : Bean 'com.baomidou.mybatisplus.autoconfigure.MybatisPlusAutoConfiguration' of type [com.baomidou.mybatisplus.autoconfigure.MybatisPlusAutoConfiguration$$EnhancerBySpringCGLIB$$3f511c3f] is not eligible for getting processed by all BeanPostProcessors (for example: not eligible for auto-proxying)
2025-07-04 10:45:20.294  INFO 33372 --- [restartedMain] trationDelegate$BeanPostProcessorChecker : Bean 'druidConfig' of type [com.ins1st.core.config.druid.DruidConfig$$EnhancerBySpringCGLIB$$d8d683e8] is not eligible for getting processed by all BeanPostProcessors (for example: not eligible for auto-proxying)
2025-07-04 10:45:20.356  INFO 33372 --- [restartedMain] trationDelegate$BeanPostProcessorChecker : Bean 'druidDataSource' of type [com.alibaba.druid.pool.DruidDataSource] is not eligible for getting processed by all BeanPostProcessors (for example: not eligible for auto-proxying)
2025-07-04 10:45:20.384  INFO 33372 --- [restartedMain] trationDelegate$BeanPostProcessorChecker : Bean 'spring.datasource-org.springframework.boot.autoconfigure.jdbc.DataSourceProperties' of type [org.springframework.boot.autoconfigure.jdbc.DataSourceProperties] is not eligible for getting processed by all BeanPostProcessors (for example: not eligible for auto-proxying)
2025-07-04 10:45:20.389  INFO 33372 --- [restartedMain] trationDelegate$BeanPostProcessorChecker : Bean 'org.springframework.boot.autoconfigure.jdbc.DataSourceInitializerInvoker' of type [org.springframework.boot.autoconfigure.jdbc.DataSourceInitializerInvoker] is not eligible for getting processed by all BeanPostProcessors (for example: not eligible for auto-proxying)
2025-07-04 10:45:20.638  INFO 33372 --- [restartedMain] com.alibaba.druid.pool.DruidDataSource   : {dataSource-1} inited
2025-07-04 10:45:21.072  INFO 33372 --- [restartedMain] trationDelegate$BeanPostProcessorChecker : Bean 'sqlSessionFactory' of type [org.apache.ibatis.session.defaults.DefaultSqlSessionFactory] is not eligible for getting processed by all BeanPostProcessors (for example: not eligible for auto-proxying)
2025-07-04 10:45:21.081  INFO 33372 --- [restartedMain] trationDelegate$BeanPostProcessorChecker : Bean 'sqlSessionTemplate' of type [org.mybatis.spring.SqlSessionTemplate] is not eligible for getting processed by all BeanPostProcessors (for example: not eligible for auto-proxying)
2025-07-04 10:45:21.084  INFO 33372 --- [restartedMain] trationDelegate$BeanPostProcessorChecker : Bean 'sysUserMapper' of type [org.mybatis.spring.mapper.MapperFactoryBean] is not eligible for getting processed by all BeanPostProcessors (for example: not eligible for auto-proxying)
2025-07-04 10:45:21.088  INFO 33372 --- [restartedMain] trationDelegate$BeanPostProcessorChecker : Bean 'sysUserMapper' of type [com.sun.proxy.$Proxy89] is not eligible for getting processed by all BeanPostProcessors (for example: not eligible for auto-proxying)
2025-07-04 10:45:21.091  INFO 33372 --- [restartedMain] trationDelegate$BeanPostProcessorChecker : Bean 'sysUserRoleMapper' of type [org.mybatis.spring.mapper.MapperFactoryBean] is not eligible for getting processed by all BeanPostProcessors (for example: not eligible for auto-proxying)
2025-07-04 10:45:21.093  INFO 33372 --- [restartedMain] trationDelegate$BeanPostProcessorChecker : Bean 'sysUserRoleMapper' of type [com.sun.proxy.$Proxy91] is not eligible for getting processed by all BeanPostProcessors (for example: not eligible for auto-proxying)
2025-07-04 10:45:21.095  INFO 33372 --- [restartedMain] trationDelegate$BeanPostProcessorChecker : Bean 'sysRoleMapper' of type [org.mybatis.spring.mapper.MapperFactoryBean] is not eligible for getting processed by all BeanPostProcessors (for example: not eligible for auto-proxying)
2025-07-04 10:45:21.096  INFO 33372 --- [restartedMain] trationDelegate$BeanPostProcessorChecker : Bean 'sysRoleMapper' of type [com.sun.proxy.$Proxy92] is not eligible for getting processed by all BeanPostProcessors (for example: not eligible for auto-proxying)
2025-07-04 10:45:21.100  INFO 33372 --- [restartedMain] trationDelegate$BeanPostProcessorChecker : Bean 'sysRoleMenuMapper' of type [org.mybatis.spring.mapper.MapperFactoryBean] is not eligible for getting processed by all BeanPostProcessors (for example: not eligible for auto-proxying)
2025-07-04 10:45:21.100  INFO 33372 --- [restartedMain] trationDelegate$BeanPostProcessorChecker : Bean 'sysRoleMenuMapper' of type [com.sun.proxy.$Proxy93] is not eligible for getting processed by all BeanPostProcessors (for example: not eligible for auto-proxying)
2025-07-04 10:45:21.102  INFO 33372 --- [restartedMain] trationDelegate$BeanPostProcessorChecker : Bean 'sysMenuMapper' of type [org.mybatis.spring.mapper.MapperFactoryBean] is not eligible for getting processed by all BeanPostProcessors (for example: not eligible for auto-proxying)
2025-07-04 10:45:21.103  INFO 33372 --- [restartedMain] trationDelegate$BeanPostProcessorChecker : Bean 'sysMenuMapper' of type [com.sun.proxy.$Proxy94] is not eligible for getting processed by all BeanPostProcessors (for example: not eligible for auto-proxying)
2025-07-04 10:45:21.104  INFO 33372 --- [restartedMain] trationDelegate$BeanPostProcessorChecker : Bean 'sysUserService' of type [com.ins1st.modules.sys.user.service.impl.SysUserServiceImpl] is not eligible for getting processed by all BeanPostProcessors (for example: not eligible for auto-proxying)
2025-07-04 10:45:21.132  INFO 33372 --- [restartedMain] trationDelegate$BeanPostProcessorChecker : Bean 'shiroRealm' of type [com.ins1st.core.shiro.ShiroRealm] is not eligible for getting processed by all BeanPostProcessors (for example: not eligible for auto-proxying)
2025-07-04 10:45:21.136  INFO 33372 --- [restartedMain] o.a.shiro.cache.ehcache.EhCacheManager   : Cache with name 'com.ins1st.core.shiro.ShiroRealm.authorizationCache' does not yet exist.  Creating now.
2025-07-04 10:45:21.178  INFO 33372 --- [restartedMain] o.a.shiro.cache.ehcache.EhCacheManager   : Added EhCache named [com.ins1st.core.shiro.ShiroRealm.authorizationCache]
2025-07-04 10:45:21.182  INFO 33372 --- [restartedMain] trationDelegate$BeanPostProcessorChecker : Bean 'securityManager' of type [org.apache.shiro.web.mgt.DefaultWebSecurityManager] is not eligible for getting processed by all BeanPostProcessors (for example: not eligible for auto-proxying)
2025-07-04 10:45:21.522  INFO 33372 --- [restartedMain] o.s.b.w.embedded.tomcat.TomcatWebServer  : Tomcat initialized with port(s): 8888 (http)
2025-07-04 10:45:21.543  INFO 33372 --- [restartedMain] o.apache.catalina.core.StandardService   : Starting service [Tomcat]
2025-07-04 10:45:21.543  INFO 33372 --- [restartedMain] org.apache.catalina.core.StandardEngine  : Starting Servlet engine: [Apache Tomcat/9.0.17]
2025-07-04 10:45:21.680  INFO 33372 --- [restartedMain] o.a.c.c.C.[Tomcat].[localhost].[/]       : Initializing Spring embedded WebApplicationContext
2025-07-04 10:45:21.680  INFO 33372 --- [restartedMain] o.s.web.context.ContextLoader            : Root WebApplicationContext: initialization completed in 4460 ms
2025-07-04 10:45:22.365  INFO 33372 --- [restartedMain] pertySourcedRequestMappingHandlerMapping : Mapped URL path [/v2/api-docs] onto method [public org.springframework.http.ResponseEntity<springfox.documentation.spring.web.json.Json> springfox.documentation.swagger2.web.Swagger2Controller.getDocumentation(java.lang.String,javax.servlet.http.HttpServletRequest)]
2025-07-04 10:45:22.499  INFO 33372 --- [restartedMain] o.s.s.concurrent.ThreadPoolTaskExecutor  : Initializing ExecutorService 'applicationTaskExecutor'
2025-07-04 10:45:22.558  INFO 33372 --- [restartedMain] o.s.b.d.a.OptionalLiveReloadServer       : LiveReload server is running on port 35729
2025-07-04 10:45:23.117  INFO 33372 --- [restartedMain] d.s.w.p.DocumentationPluginsBootstrapper : Context refreshed
2025-07-04 10:45:23.132  INFO 33372 --- [restartedMain] d.s.w.p.DocumentationPluginsBootstrapper : Found 1 custom documentation plugin(s)
2025-07-04 10:45:23.151  INFO 33372 --- [restartedMain] s.d.s.w.s.ApiListingReferenceScanner     : Scanning for api listing references
2025-07-04 10:45:23.381  INFO 33372 --- [restartedMain] o.s.b.w.embedded.tomcat.TomcatWebServer  : Tomcat started on port(s): 8888 (http) with context path ''
2025-07-04 10:45:23.384  INFO 33372 --- [restartedMain] com.ins1st.Ins1stWebApplication          : Started Ins1stWebApplication in 6.654 seconds (JVM running for 8.326)
2025-07-04 10:45:31.684  INFO 33372 --- [http-nio-8888-exec-1] o.a.c.c.C.[Tomcat].[localhost].[/]       : Initializing Spring DispatcherServlet 'dispatcherServlet'
2025-07-04 10:45:31.684  INFO 33372 --- [http-nio-8888-exec-1] o.s.web.servlet.DispatcherServlet        : Initializing Servlet 'dispatcherServlet'
2025-07-04 10:45:31.693  INFO 33372 --- [http-nio-8888-exec-1] o.s.web.servlet.DispatcherServlet        : Completed initialization in 9 ms
2025-07-04 10:45:31.914 DEBUG 33372 --- [http-nio-8888-exec-1] c.i.m.s.r.m.S.selectList                 : ==>  Preparing: SELECT id,user_id,role_id FROM sys_user_role WHERE user_id = ? 
2025-07-04 10:45:32.033 DEBUG 33372 --- [http-nio-8888-exec-1] c.i.m.s.r.m.S.selectList                 : ==> Parameters: 4(Integer)
2025-07-04 10:45:32.073 DEBUG 33372 --- [http-nio-8888-exec-1] c.i.m.s.r.m.S.selectList                 : <==      Total: 2
2025-07-04 10:45:32.080 DEBUG 33372 --- [http-nio-8888-exec-1] c.i.m.s.r.m.SysRoleMapper.selectById     : ==>  Preparing: SELECT id,name,status,keyword,sort FROM sys_role WHERE id=? 
2025-07-04 10:45:32.081 DEBUG 33372 --- [http-nio-8888-exec-1] c.i.m.s.r.m.SysRoleMapper.selectById     : ==> Parameters: 1(Integer)
2025-07-04 10:45:32.087 DEBUG 33372 --- [http-nio-8888-exec-1] c.i.m.s.r.m.SysRoleMapper.selectById     : <==      Total: 1
2025-07-04 10:45:32.090 DEBUG 33372 --- [http-nio-8888-exec-1] c.i.m.s.r.m.SysRoleMapper.selectById     : ==>  Preparing: SELECT id,name,status,keyword,sort FROM sys_role WHERE id=? 
2025-07-04 10:45:32.091 DEBUG 33372 --- [http-nio-8888-exec-1] c.i.m.s.r.m.SysRoleMapper.selectById     : ==> Parameters: 7(Integer)
2025-07-04 10:45:32.092 DEBUG 33372 --- [http-nio-8888-exec-1] c.i.m.s.r.m.SysRoleMapper.selectById     : <==      Total: 0
2025-07-04 10:45:32.095 DEBUG 33372 --- [http-nio-8888-exec-1] c.i.m.s.r.m.S.selectList                 : ==>  Preparing: SELECT id,role_id,menu_id FROM sys_role_menu WHERE role_id = ? 
2025-07-04 10:45:32.096 DEBUG 33372 --- [http-nio-8888-exec-1] c.i.m.s.r.m.S.selectList                 : ==> Parameters: 1(Integer)
2025-07-04 10:45:32.103 DEBUG 33372 --- [http-nio-8888-exec-1] c.i.m.s.r.m.S.selectList                 : <==      Total: 14
2025-07-04 10:45:32.104 DEBUG 33372 --- [http-nio-8888-exec-1] c.i.m.s.m.m.SysMenuMapper.selectById     : ==>  Preparing: SELECT id,p_id,name,url,role,is_menu,icon,sort,level FROM sys_menu WHERE id=? 
2025-07-04 10:45:32.105 DEBUG 33372 --- [http-nio-8888-exec-1] c.i.m.s.m.m.SysMenuMapper.selectById     : ==> Parameters: 1(Integer)
2025-07-04 10:45:32.111 DEBUG 33372 --- [http-nio-8888-exec-1] c.i.m.s.m.m.SysMenuMapper.selectById     : <==      Total: 1
2025-07-04 10:45:32.112 DEBUG 33372 --- [http-nio-8888-exec-1] c.i.m.s.m.m.SysMenuMapper.selectById     : ==>  Preparing: SELECT id,p_id,name,url,role,is_menu,icon,sort,level FROM sys_menu WHERE id=? 
2025-07-04 10:45:32.113 DEBUG 33372 --- [http-nio-8888-exec-1] c.i.m.s.m.m.SysMenuMapper.selectById     : ==> Parameters: 2(Integer)
2025-07-04 10:45:32.115 DEBUG 33372 --- [http-nio-8888-exec-1] c.i.m.s.m.m.SysMenuMapper.selectById     : <==      Total: 1
2025-07-04 10:45:32.116 DEBUG 33372 --- [http-nio-8888-exec-1] c.i.m.s.m.m.SysMenuMapper.selectById     : ==>  Preparing: SELECT id,p_id,name,url,role,is_menu,icon,sort,level FROM sys_menu WHERE id=? 
2025-07-04 10:45:32.117 DEBUG 33372 --- [http-nio-8888-exec-1] c.i.m.s.m.m.SysMenuMapper.selectById     : ==> Parameters: 32(Integer)
2025-07-04 10:45:32.119 DEBUG 33372 --- [http-nio-8888-exec-1] c.i.m.s.m.m.SysMenuMapper.selectById     : <==      Total: 1
2025-07-04 10:45:32.120 DEBUG 33372 --- [http-nio-8888-exec-1] c.i.m.s.m.m.SysMenuMapper.selectById     : ==>  Preparing: SELECT id,p_id,name,url,role,is_menu,icon,sort,level FROM sys_menu WHERE id=? 
2025-07-04 10:45:32.121 DEBUG 33372 --- [http-nio-8888-exec-1] c.i.m.s.m.m.SysMenuMapper.selectById     : ==> Parameters: 3(Integer)
2025-07-04 10:45:32.123 DEBUG 33372 --- [http-nio-8888-exec-1] c.i.m.s.m.m.SysMenuMapper.selectById     : <==      Total: 1
2025-07-04 10:45:32.125 DEBUG 33372 --- [http-nio-8888-exec-1] c.i.m.s.m.m.SysMenuMapper.selectById     : ==>  Preparing: SELECT id,p_id,name,url,role,is_menu,icon,sort,level FROM sys_menu WHERE id=? 
2025-07-04 10:45:32.125 DEBUG 33372 --- [http-nio-8888-exec-1] c.i.m.s.m.m.SysMenuMapper.selectById     : ==> Parameters: 4(Integer)
2025-07-04 10:45:32.127 DEBUG 33372 --- [http-nio-8888-exec-1] c.i.m.s.m.m.SysMenuMapper.selectById     : <==      Total: 1
2025-07-04 10:45:32.128 DEBUG 33372 --- [http-nio-8888-exec-1] c.i.m.s.m.m.SysMenuMapper.selectById     : ==>  Preparing: SELECT id,p_id,name,url,role,is_menu,icon,sort,level FROM sys_menu WHERE id=? 
2025-07-04 10:45:32.129 DEBUG 33372 --- [http-nio-8888-exec-1] c.i.m.s.m.m.SysMenuMapper.selectById     : ==> Parameters: 6(Integer)
2025-07-04 10:45:32.131 DEBUG 33372 --- [http-nio-8888-exec-1] c.i.m.s.m.m.SysMenuMapper.selectById     : <==      Total: 1
2025-07-04 10:45:32.133 DEBUG 33372 --- [http-nio-8888-exec-1] c.i.m.s.m.m.SysMenuMapper.selectById     : ==>  Preparing: SELECT id,p_id,name,url,role,is_menu,icon,sort,level FROM sys_menu WHERE id=? 
2025-07-04 10:45:32.133 DEBUG 33372 --- [http-nio-8888-exec-1] c.i.m.s.m.m.SysMenuMapper.selectById     : ==> Parameters: 31(Integer)
2025-07-04 10:45:32.136 DEBUG 33372 --- [http-nio-8888-exec-1] c.i.m.s.m.m.SysMenuMapper.selectById     : <==      Total: 1
2025-07-04 10:45:32.137 DEBUG 33372 --- [http-nio-8888-exec-1] c.i.m.s.m.m.SysMenuMapper.selectById     : ==>  Preparing: SELECT id,p_id,name,url,role,is_menu,icon,sort,level FROM sys_menu WHERE id=? 
2025-07-04 10:45:32.138 DEBUG 33372 --- [http-nio-8888-exec-1] c.i.m.s.m.m.SysMenuMapper.selectById     : ==> Parameters: 7(Integer)
2025-07-04 10:45:32.139 DEBUG 33372 --- [http-nio-8888-exec-1] c.i.m.s.m.m.SysMenuMapper.selectById     : <==      Total: 1
2025-07-04 10:45:32.140 DEBUG 33372 --- [http-nio-8888-exec-1] c.i.m.s.m.m.SysMenuMapper.selectById     : ==>  Preparing: SELECT id,p_id,name,url,role,is_menu,icon,sort,level FROM sys_menu WHERE id=? 
2025-07-04 10:45:32.140 DEBUG 33372 --- [http-nio-8888-exec-1] c.i.m.s.m.m.SysMenuMapper.selectById     : ==> Parameters: 34(Integer)
2025-07-04 10:45:32.143 DEBUG 33372 --- [http-nio-8888-exec-1] c.i.m.s.m.m.SysMenuMapper.selectById     : <==      Total: 1
2025-07-04 10:45:32.144 DEBUG 33372 --- [http-nio-8888-exec-1] c.i.m.s.m.m.SysMenuMapper.selectById     : ==>  Preparing: SELECT id,p_id,name,url,role,is_menu,icon,sort,level FROM sys_menu WHERE id=? 
2025-07-04 10:45:32.145 DEBUG 33372 --- [http-nio-8888-exec-1] c.i.m.s.m.m.SysMenuMapper.selectById     : ==> Parameters: 35(Integer)
2025-07-04 10:45:32.147 DEBUG 33372 --- [http-nio-8888-exec-1] c.i.m.s.m.m.SysMenuMapper.selectById     : <==      Total: 1
2025-07-04 10:45:32.149 DEBUG 33372 --- [http-nio-8888-exec-1] c.i.m.s.m.m.SysMenuMapper.selectById     : ==>  Preparing: SELECT id,p_id,name,url,role,is_menu,icon,sort,level FROM sys_menu WHERE id=? 
2025-07-04 10:45:32.149 DEBUG 33372 --- [http-nio-8888-exec-1] c.i.m.s.m.m.SysMenuMapper.selectById     : ==> Parameters: 36(Integer)
2025-07-04 10:45:32.151 DEBUG 33372 --- [http-nio-8888-exec-1] c.i.m.s.m.m.SysMenuMapper.selectById     : <==      Total: 1
2025-07-04 10:45:32.152 DEBUG 33372 --- [http-nio-8888-exec-1] c.i.m.s.m.m.SysMenuMapper.selectById     : ==>  Preparing: SELECT id,p_id,name,url,role,is_menu,icon,sort,level FROM sys_menu WHERE id=? 
2025-07-04 10:45:32.153 DEBUG 33372 --- [http-nio-8888-exec-1] c.i.m.s.m.m.SysMenuMapper.selectById     : ==> Parameters: 37(Integer)
2025-07-04 10:45:32.156 DEBUG 33372 --- [http-nio-8888-exec-1] c.i.m.s.m.m.SysMenuMapper.selectById     : <==      Total: 1
2025-07-04 10:45:32.157 DEBUG 33372 --- [http-nio-8888-exec-1] c.i.m.s.m.m.SysMenuMapper.selectById     : ==>  Preparing: SELECT id,p_id,name,url,role,is_menu,icon,sort,level FROM sys_menu WHERE id=? 
2025-07-04 10:45:32.158 DEBUG 33372 --- [http-nio-8888-exec-1] c.i.m.s.m.m.SysMenuMapper.selectById     : ==> Parameters: 38(Integer)
2025-07-04 10:45:32.160 DEBUG 33372 --- [http-nio-8888-exec-1] c.i.m.s.m.m.SysMenuMapper.selectById     : <==      Total: 1
2025-07-04 10:45:32.161 DEBUG 33372 --- [http-nio-8888-exec-1] c.i.m.s.m.m.SysMenuMapper.selectById     : ==>  Preparing: SELECT id,p_id,name,url,role,is_menu,icon,sort,level FROM sys_menu WHERE id=? 
2025-07-04 10:45:32.161 DEBUG 33372 --- [http-nio-8888-exec-1] c.i.m.s.m.m.SysMenuMapper.selectById     : ==> Parameters: 29(Integer)
2025-07-04 10:45:32.163 DEBUG 33372 --- [http-nio-8888-exec-1] c.i.m.s.m.m.SysMenuMapper.selectById     : <==      Total: 1
2025-07-04 10:45:35.328 DEBUG 33372 --- [http-nio-8888-exec-4] c.i.m.s.r.m.S.selectList                 : ==>  Preparing: SELECT id,user_id,role_id FROM sys_user_role WHERE user_id = ? 
2025-07-04 10:45:35.329 DEBUG 33372 --- [http-nio-8888-exec-4] c.i.m.s.r.m.S.selectList                 : ==> Parameters: 4(Integer)
2025-07-04 10:45:35.330 DEBUG 33372 --- [http-nio-8888-exec-4] c.i.m.s.r.m.S.selectList                 : <==      Total: 2
2025-07-04 10:45:35.332 DEBUG 33372 --- [http-nio-8888-exec-4] c.i.m.s.r.m.SysRoleMapper.selectOne      : ==>  Preparing: SELECT id,name,status,keyword,sort FROM sys_role WHERE id = ? 
2025-07-04 10:45:35.333 DEBUG 33372 --- [http-nio-8888-exec-4] c.i.m.s.r.m.SysRoleMapper.selectOne      : ==> Parameters: 1(Integer)
2025-07-04 10:45:35.334 DEBUG 33372 --- [http-nio-8888-exec-4] c.i.m.s.r.m.SysRoleMapper.selectOne      : <==      Total: 1
2025-07-04 10:45:35.336 DEBUG 33372 --- [http-nio-8888-exec-4] c.i.m.s.r.m.SysRoleMapper.selectOne      : ==>  Preparing: SELECT id,name,status,keyword,sort FROM sys_role WHERE id = ? 
2025-07-04 10:45:35.337 DEBUG 33372 --- [http-nio-8888-exec-4] c.i.m.s.r.m.SysRoleMapper.selectOne      : ==> Parameters: 7(Integer)
2025-07-04 10:45:35.337 DEBUG 33372 --- [http-nio-8888-exec-4] c.i.m.s.r.m.SysRoleMapper.selectOne      : <==      Total: 0
2025-07-04 10:45:35.338 DEBUG 33372 --- [http-nio-8888-exec-4] c.i.m.s.r.m.S.selectList                 : ==>  Preparing: SELECT id,role_id,menu_id FROM sys_role_menu WHERE role_id = ? 
2025-07-04 10:45:35.338 DEBUG 33372 --- [http-nio-8888-exec-4] c.i.m.s.r.m.S.selectList                 : ==> Parameters: 1(Integer)
2025-07-04 10:45:35.341 DEBUG 33372 --- [http-nio-8888-exec-4] c.i.m.s.r.m.S.selectList                 : <==      Total: 14
2025-07-04 10:45:35.343 DEBUG 33372 --- [http-nio-8888-exec-4] c.i.m.s.m.m.SysMenuMapper.selectById     : ==>  Preparing: SELECT id,p_id,name,url,role,is_menu,icon,sort,level FROM sys_menu WHERE id=? 
2025-07-04 10:45:35.343 DEBUG 33372 --- [http-nio-8888-exec-4] c.i.m.s.m.m.SysMenuMapper.selectById     : ==> Parameters: 1(Integer)
2025-07-04 10:45:35.344 DEBUG 33372 --- [http-nio-8888-exec-4] c.i.m.s.m.m.SysMenuMapper.selectById     : <==      Total: 1
2025-07-04 10:45:35.345 DEBUG 33372 --- [http-nio-8888-exec-4] c.i.m.s.m.m.SysMenuMapper.selectById     : ==>  Preparing: SELECT id,p_id,name,url,role,is_menu,icon,sort,level FROM sys_menu WHERE id=? 
2025-07-04 10:45:35.346 DEBUG 33372 --- [http-nio-8888-exec-4] c.i.m.s.m.m.SysMenuMapper.selectById     : ==> Parameters: 2(Integer)
2025-07-04 10:45:35.349 DEBUG 33372 --- [http-nio-8888-exec-4] c.i.m.s.m.m.SysMenuMapper.selectById     : <==      Total: 1
2025-07-04 10:45:35.350 DEBUG 33372 --- [http-nio-8888-exec-4] c.i.m.s.m.m.SysMenuMapper.selectById     : ==>  Preparing: SELECT id,p_id,name,url,role,is_menu,icon,sort,level FROM sys_menu WHERE id=? 
2025-07-04 10:45:35.350 DEBUG 33372 --- [http-nio-8888-exec-4] c.i.m.s.m.m.SysMenuMapper.selectById     : ==> Parameters: 32(Integer)
2025-07-04 10:45:35.352 DEBUG 33372 --- [http-nio-8888-exec-4] c.i.m.s.m.m.SysMenuMapper.selectById     : <==      Total: 1
2025-07-04 10:45:35.354 DEBUG 33372 --- [http-nio-8888-exec-4] c.i.m.s.m.m.SysMenuMapper.selectById     : ==>  Preparing: SELECT id,p_id,name,url,role,is_menu,icon,sort,level FROM sys_menu WHERE id=? 
2025-07-04 10:45:35.354 DEBUG 33372 --- [http-nio-8888-exec-4] c.i.m.s.m.m.SysMenuMapper.selectById     : ==> Parameters: 3(Integer)
2025-07-04 10:45:35.355 DEBUG 33372 --- [http-nio-8888-exec-4] c.i.m.s.m.m.SysMenuMapper.selectById     : <==      Total: 1
2025-07-04 10:45:35.356 DEBUG 33372 --- [http-nio-8888-exec-4] c.i.m.s.m.m.SysMenuMapper.selectById     : ==>  Preparing: SELECT id,p_id,name,url,role,is_menu,icon,sort,level FROM sys_menu WHERE id=? 
2025-07-04 10:45:35.356 DEBUG 33372 --- [http-nio-8888-exec-4] c.i.m.s.m.m.SysMenuMapper.selectById     : ==> Parameters: 4(Integer)
2025-07-04 10:45:35.357 DEBUG 33372 --- [http-nio-8888-exec-4] c.i.m.s.m.m.SysMenuMapper.selectById     : <==      Total: 1
2025-07-04 10:45:35.359 DEBUG 33372 --- [http-nio-8888-exec-4] c.i.m.s.m.m.SysMenuMapper.selectById     : ==>  Preparing: SELECT id,p_id,name,url,role,is_menu,icon,sort,level FROM sys_menu WHERE id=? 
2025-07-04 10:45:35.359 DEBUG 33372 --- [http-nio-8888-exec-4] c.i.m.s.m.m.SysMenuMapper.selectById     : ==> Parameters: 6(Integer)
2025-07-04 10:45:35.360 DEBUG 33372 --- [http-nio-8888-exec-4] c.i.m.s.m.m.SysMenuMapper.selectById     : <==      Total: 1
2025-07-04 10:45:35.361 DEBUG 33372 --- [http-nio-8888-exec-4] c.i.m.s.m.m.SysMenuMapper.selectById     : ==>  Preparing: SELECT id,p_id,name,url,role,is_menu,icon,sort,level FROM sys_menu WHERE id=? 
2025-07-04 10:45:35.361 DEBUG 33372 --- [http-nio-8888-exec-4] c.i.m.s.m.m.SysMenuMapper.selectById     : ==> Parameters: 31(Integer)
2025-07-04 10:45:35.362 DEBUG 33372 --- [http-nio-8888-exec-4] c.i.m.s.m.m.SysMenuMapper.selectById     : <==      Total: 1
2025-07-04 10:45:35.362 DEBUG 33372 --- [http-nio-8888-exec-4] c.i.m.s.m.m.SysMenuMapper.selectById     : ==>  Preparing: SELECT id,p_id,name,url,role,is_menu,icon,sort,level FROM sys_menu WHERE id=? 
2025-07-04 10:45:35.362 DEBUG 33372 --- [http-nio-8888-exec-4] c.i.m.s.m.m.SysMenuMapper.selectById     : ==> Parameters: 7(Integer)
2025-07-04 10:45:35.363 DEBUG 33372 --- [http-nio-8888-exec-4] c.i.m.s.m.m.SysMenuMapper.selectById     : <==      Total: 1
2025-07-04 10:45:35.364 DEBUG 33372 --- [http-nio-8888-exec-4] c.i.m.s.m.m.SysMenuMapper.selectById     : ==>  Preparing: SELECT id,p_id,name,url,role,is_menu,icon,sort,level FROM sys_menu WHERE id=? 
2025-07-04 10:45:35.364 DEBUG 33372 --- [http-nio-8888-exec-4] c.i.m.s.m.m.SysMenuMapper.selectById     : ==> Parameters: 34(Integer)
2025-07-04 10:45:35.365 DEBUG 33372 --- [http-nio-8888-exec-4] c.i.m.s.m.m.SysMenuMapper.selectById     : <==      Total: 1
2025-07-04 10:45:35.365 DEBUG 33372 --- [http-nio-8888-exec-4] c.i.m.s.m.m.SysMenuMapper.selectById     : ==>  Preparing: SELECT id,p_id,name,url,role,is_menu,icon,sort,level FROM sys_menu WHERE id=? 
2025-07-04 10:45:35.366 DEBUG 33372 --- [http-nio-8888-exec-4] c.i.m.s.m.m.SysMenuMapper.selectById     : ==> Parameters: 35(Integer)
2025-07-04 10:45:35.366 DEBUG 33372 --- [http-nio-8888-exec-4] c.i.m.s.m.m.SysMenuMapper.selectById     : <==      Total: 1
2025-07-04 10:45:35.367 DEBUG 33372 --- [http-nio-8888-exec-4] c.i.m.s.m.m.SysMenuMapper.selectById     : ==>  Preparing: SELECT id,p_id,name,url,role,is_menu,icon,sort,level FROM sys_menu WHERE id=? 
2025-07-04 10:45:35.368 DEBUG 33372 --- [http-nio-8888-exec-4] c.i.m.s.m.m.SysMenuMapper.selectById     : ==> Parameters: 36(Integer)
2025-07-04 10:45:35.370 DEBUG 33372 --- [http-nio-8888-exec-4] c.i.m.s.m.m.SysMenuMapper.selectById     : <==      Total: 1
2025-07-04 10:45:35.370 DEBUG 33372 --- [http-nio-8888-exec-4] c.i.m.s.m.m.SysMenuMapper.selectById     : ==>  Preparing: SELECT id,p_id,name,url,role,is_menu,icon,sort,level FROM sys_menu WHERE id=? 
2025-07-04 10:45:35.371 DEBUG 33372 --- [http-nio-8888-exec-4] c.i.m.s.m.m.SysMenuMapper.selectById     : ==> Parameters: 37(Integer)
2025-07-04 10:45:35.375 DEBUG 33372 --- [http-nio-8888-exec-4] c.i.m.s.m.m.SysMenuMapper.selectById     : <==      Total: 1
2025-07-04 10:45:35.377 DEBUG 33372 --- [http-nio-8888-exec-4] c.i.m.s.m.m.SysMenuMapper.selectById     : ==>  Preparing: SELECT id,p_id,name,url,role,is_menu,icon,sort,level FROM sys_menu WHERE id=? 
2025-07-04 10:45:35.377 DEBUG 33372 --- [http-nio-8888-exec-4] c.i.m.s.m.m.SysMenuMapper.selectById     : ==> Parameters: 38(Integer)
2025-07-04 10:45:35.378 DEBUG 33372 --- [http-nio-8888-exec-4] c.i.m.s.m.m.SysMenuMapper.selectById     : <==      Total: 1
2025-07-04 10:45:35.379 DEBUG 33372 --- [http-nio-8888-exec-4] c.i.m.s.m.m.SysMenuMapper.selectById     : ==>  Preparing: SELECT id,p_id,name,url,role,is_menu,icon,sort,level FROM sys_menu WHERE id=? 
2025-07-04 10:45:35.379 DEBUG 33372 --- [http-nio-8888-exec-4] c.i.m.s.m.m.SysMenuMapper.selectById     : ==> Parameters: 29(Integer)
2025-07-04 10:45:35.380 DEBUG 33372 --- [http-nio-8888-exec-4] c.i.m.s.m.m.SysMenuMapper.selectById     : <==      Total: 1
2025-07-04 10:45:35.872 DEBUG 33372 --- [http-nio-8888-exec-9] c.i.m.s.g.mapper.GoodsMapper.selectPage  : ==>  Preparing: SELECT COUNT(1) FROM goods 
2025-07-04 10:45:35.875 DEBUG 33372 --- [http-nio-8888-exec-9] c.i.m.s.g.mapper.GoodsMapper.selectPage  : ==> Parameters: 
2025-07-04 10:45:35.892 DEBUG 33372 --- [http-nio-8888-exec-9] c.i.m.s.g.mapper.GoodsMapper.selectPage  : ==>  Preparing: SELECT id,goodname,goodownerid,price,description,image,num,catagory,time FROM goods LIMIT ?,? 
2025-07-04 10:45:35.895 DEBUG 33372 --- [http-nio-8888-exec-9] c.i.m.s.g.mapper.GoodsMapper.selectPage  : ==> Parameters: 0(Long), 10(Long)
2025-07-04 10:45:35.900 DEBUG 33372 --- [http-nio-8888-exec-9] c.i.m.s.g.mapper.GoodsMapper.selectPage  : <==      Total: 10
2025-07-04 10:45:37.658 DEBUG 33372 --- [http-nio-8888-exec-7] c.i.m.s.d.m.SysDictMapper.selectOne      : ==>  Preparing: SELECT id,num,pid,name,code FROM sys_dict WHERE code = ? 
2025-07-04 10:45:37.658 DEBUG 33372 --- [http-nio-8888-exec-7] c.i.m.s.d.m.SysDictMapper.selectOne      : ==> Parameters: sex(String)
2025-07-04 10:45:37.658 DEBUG 33372 --- [http-nio-8888-exec-7] c.i.m.s.d.m.SysDictMapper.selectOne      : <==      Total: 1
2025-07-04 10:45:37.673 DEBUG 33372 --- [http-nio-8888-exec-7] c.i.m.s.d.m.SysDictMapper.selectOne      : ==>  Preparing: SELECT id,num,pid,name,code FROM sys_dict WHERE code = ? 
2025-07-04 10:45:37.673 DEBUG 33372 --- [http-nio-8888-exec-7] c.i.m.s.d.m.SysDictMapper.selectOne      : ==> Parameters: sex(String)
2025-07-04 10:45:37.673 DEBUG 33372 --- [http-nio-8888-exec-7] c.i.m.s.d.m.SysDictMapper.selectOne      : <==      Total: 1
2025-07-04 10:45:37.673 DEBUG 33372 --- [http-nio-8888-exec-7] c.i.m.s.d.m.SysDictMapper.selectList     : ==>  Preparing: SELECT id,num,pid,name,code FROM sys_dict WHERE pid = ? 
2025-07-04 10:45:37.673 DEBUG 33372 --- [http-nio-8888-exec-7] c.i.m.s.d.m.SysDictMapper.selectList     : ==> Parameters: 69(Integer)
2025-07-04 10:45:37.673 DEBUG 33372 --- [http-nio-8888-exec-7] c.i.m.s.d.m.SysDictMapper.selectList     : <==      Total: 2
2025-07-04 10:45:37.681 DEBUG 33372 --- [http-nio-8888-exec-7] c.i.m.s.d.m.SysDictMapper.selectOne      : ==>  Preparing: SELECT id,num,pid,name,code FROM sys_dict WHERE code = ? 
2025-07-04 10:45:37.681 DEBUG 33372 --- [http-nio-8888-exec-7] c.i.m.s.d.m.SysDictMapper.selectOne      : ==> Parameters: sex(String)
2025-07-04 10:45:37.681 DEBUG 33372 --- [http-nio-8888-exec-7] c.i.m.s.d.m.SysDictMapper.selectOne      : <==      Total: 1
2025-07-04 10:45:37.684 DEBUG 33372 --- [http-nio-8888-exec-7] c.i.m.s.d.m.SysDictMapper.selectList     : ==>  Preparing: SELECT id,num,pid,name,code FROM sys_dict WHERE pid = ? 
2025-07-04 10:45:37.684 DEBUG 33372 --- [http-nio-8888-exec-7] c.i.m.s.d.m.SysDictMapper.selectList     : ==> Parameters: 69(Integer)
2025-07-04 10:45:37.684 DEBUG 33372 --- [http-nio-8888-exec-7] c.i.m.s.d.m.SysDictMapper.selectList     : <==      Total: 2
2025-07-04 10:45:37.789 DEBUG 33372 --- [http-nio-8888-exec-2] c.i.m.s.u.mapper.UsersMapper.selectPage  : ==>  Preparing: SELECT COUNT(1) FROM users 
2025-07-04 10:45:37.789 DEBUG 33372 --- [http-nio-8888-exec-2] c.i.m.s.u.mapper.UsersMapper.selectPage  : ==> Parameters: 
2025-07-04 10:45:37.792 DEBUG 33372 --- [http-nio-8888-exec-2] c.i.m.s.u.mapper.UsersMapper.selectPage  : ==>  Preparing: SELECT id,username,nickname,head,mobilephone,address,sex,college,openid FROM users LIMIT ?,? 
2025-07-04 10:45:37.792 DEBUG 33372 --- [http-nio-8888-exec-2] c.i.m.s.u.mapper.UsersMapper.selectPage  : ==> Parameters: 0(Long), 10(Long)
2025-07-04 10:45:37.799 DEBUG 33372 --- [http-nio-8888-exec-2] c.i.m.s.u.mapper.UsersMapper.selectPage  : <==      Total: 10
2025-07-04 10:45:39.341 DEBUG 33372 --- [http-nio-8888-exec-6] c.i.m.s.f.m.FeedbackMapper.selectPage    : ==>  Preparing: SELECT COUNT(1) FROM feedback 
2025-07-04 10:45:39.343 DEBUG 33372 --- [http-nio-8888-exec-6] c.i.m.s.f.m.FeedbackMapper.selectPage    : ==> Parameters: 
2025-07-04 10:45:39.346 DEBUG 33372 --- [http-nio-8888-exec-6] c.i.m.s.f.m.FeedbackMapper.selectPage    : ==>  Preparing: SELECT id,content,contact,time FROM feedback LIMIT ?,? 
2025-07-04 10:45:39.346 DEBUG 33372 --- [http-nio-8888-exec-6] c.i.m.s.f.m.FeedbackMapper.selectPage    : ==> Parameters: 0(Long), 10(Long)
2025-07-04 10:45:39.346 DEBUG 33372 --- [http-nio-8888-exec-6] c.i.m.s.f.m.FeedbackMapper.selectPage    : <==      Total: 6
2025-07-04 10:45:40.342 DEBUG 33372 --- [http-nio-8888-exec-7] c.i.m.s.m.m.MessageMapper.selectPage     : ==>  Preparing: SELECT COUNT(1) FROM message 
2025-07-04 10:45:40.347 DEBUG 33372 --- [http-nio-8888-exec-7] c.i.m.s.m.m.MessageMapper.selectPage     : ==> Parameters: 
2025-07-04 10:45:40.355 DEBUG 33372 --- [http-nio-8888-exec-7] c.i.m.s.m.m.MessageMapper.selectPage     : ==>  Preparing: SELECT id,senduserid,reciveuserid,goodid,status,content,time,title FROM message LIMIT ?,? 
2025-07-04 10:45:40.355 DEBUG 33372 --- [http-nio-8888-exec-7] c.i.m.s.m.m.MessageMapper.selectPage     : ==> Parameters: 0(Long), 10(Long)
2025-07-04 10:45:40.360 DEBUG 33372 --- [http-nio-8888-exec-7] c.i.m.s.m.m.MessageMapper.selectPage     : <==      Total: 10
2025-07-04 10:45:41.233 DEBUG 33372 --- [http-nio-8888-exec-4] c.i.m.s.l.m.LeaveMsgMapper.selectPage    : ==>  Preparing: SELECT COUNT(1) FROM leave_msg 
2025-07-04 10:45:41.233 DEBUG 33372 --- [http-nio-8888-exec-4] c.i.m.s.l.m.LeaveMsgMapper.selectPage    : ==> Parameters: 
2025-07-04 10:45:41.244 DEBUG 33372 --- [http-nio-8888-exec-4] c.i.m.s.l.m.LeaveMsgMapper.selectPage    : ==>  Preparing: SELECT id,senduserid,reciveuserid,goodid,content,time,reply FROM leave_msg LIMIT ?,? 
2025-07-04 10:45:41.246 DEBUG 33372 --- [http-nio-8888-exec-4] c.i.m.s.l.m.LeaveMsgMapper.selectPage    : ==> Parameters: 0(Long), 10(Long)
2025-07-04 10:45:41.246 DEBUG 33372 --- [http-nio-8888-exec-4] c.i.m.s.l.m.LeaveMsgMapper.selectPage    : <==      Total: 10
2025-07-04 10:45:55.021 DEBUG 33372 --- [http-nio-8888-exec-9] c.i.m.s.u.m.SysUserMapper.selectPage     : ==>  Preparing: SELECT COUNT(1) FROM sys_user 
2025-07-04 10:45:55.023 DEBUG 33372 --- [http-nio-8888-exec-9] c.i.m.s.u.m.SysUserMapper.selectPage     : ==> Parameters: 
2025-07-04 10:45:55.027 DEBUG 33372 --- [http-nio-8888-exec-9] c.i.m.s.u.m.SysUserMapper.selectPage     : ==>  Preparing: SELECT id,user_name,user_nick,user_pwd,user_email,user_mobile,user_sex,role_ids,status FROM sys_user LIMIT ?,? 
2025-07-04 10:45:55.029 DEBUG 33372 --- [http-nio-8888-exec-9] c.i.m.s.u.m.SysUserMapper.selectPage     : ==> Parameters: 0(Long), 10(Long)
2025-07-04 10:45:55.031 DEBUG 33372 --- [http-nio-8888-exec-9] c.i.m.s.u.m.SysUserMapper.selectPage     : <==      Total: 1
2025-07-04 10:45:55.960 DEBUG 33372 --- [http-nio-8888-exec-10] c.i.m.s.m.m.SysMenuMapper.selectList     : ==>  Preparing: SELECT id,p_id,name,url,role,is_menu,icon,sort,level FROM sys_menu 
2025-07-04 10:45:55.961 DEBUG 33372 --- [http-nio-8888-exec-10] c.i.m.s.m.m.SysMenuMapper.selectList     : ==> Parameters: 
2025-07-04 10:45:55.964 DEBUG 33372 --- [http-nio-8888-exec-10] c.i.m.s.m.m.SysMenuMapper.selectList     : <==      Total: 16
2025-07-04 10:45:56.798 DEBUG 33372 --- [http-nio-8888-exec-5] c.i.m.s.r.m.SysRoleMapper.selectPage     : ==>  Preparing: SELECT COUNT(1) FROM sys_role 
2025-07-04 10:45:56.800 DEBUG 33372 --- [http-nio-8888-exec-5] c.i.m.s.r.m.SysRoleMapper.selectPage     : ==> Parameters: 
2025-07-04 10:45:56.802 DEBUG 33372 --- [http-nio-8888-exec-5] c.i.m.s.r.m.SysRoleMapper.selectPage     : ==>  Preparing: SELECT id,name,status,keyword,sort FROM sys_role LIMIT ?,? 
2025-07-04 10:45:56.803 DEBUG 33372 --- [http-nio-8888-exec-5] c.i.m.s.r.m.SysRoleMapper.selectPage     : ==> Parameters: 0(Long), 10(Long)
2025-07-04 10:45:56.805 DEBUG 33372 --- [http-nio-8888-exec-5] c.i.m.s.r.m.SysRoleMapper.selectPage     : <==      Total: 1
2025-07-04 10:45:57.563 DEBUG 33372 --- [http-nio-8888-exec-1] c.i.m.s.l.m.SysBizLogMapper.selectPage   : ==>  Preparing: SELECT COUNT(1) FROM sys_biz_log 
2025-07-04 10:45:57.563 DEBUG 33372 --- [http-nio-8888-exec-1] c.i.m.s.l.m.SysBizLogMapper.selectPage   : ==> Parameters: 
2025-07-04 10:45:57.568 DEBUG 33372 --- [http-nio-8888-exec-1] c.i.m.s.l.m.SysBizLogMapper.selectPage   : ==>  Preparing: SELECT id,title,params,class_name,method,create_time FROM sys_biz_log LIMIT ?,? 
2025-07-04 10:45:57.568 DEBUG 33372 --- [http-nio-8888-exec-1] c.i.m.s.l.m.SysBizLogMapper.selectPage   : ==> Parameters: 0(Long), 10(Long)
2025-07-04 10:45:57.573 DEBUG 33372 --- [http-nio-8888-exec-1] c.i.m.s.l.m.SysBizLogMapper.selectPage   : <==      Total: 10
2025-07-04 10:46:00.256 DEBUG 33372 --- [http-nio-8888-exec-3] c.i.m.s.d.m.SysDictMapper.selectPage     : ==>  Preparing: SELECT COUNT(1) FROM sys_dict 
2025-07-04 10:46:00.256 DEBUG 33372 --- [http-nio-8888-exec-3] c.i.m.s.d.m.SysDictMapper.selectPage     : ==> Parameters: 
2025-07-04 10:46:00.256 DEBUG 33372 --- [http-nio-8888-exec-3] c.i.m.s.d.m.SysDictMapper.selectPage     : ==>  Preparing: SELECT id,num,pid,name,code FROM sys_dict LIMIT ?,? 
2025-07-04 10:46:00.256 DEBUG 33372 --- [http-nio-8888-exec-3] c.i.m.s.d.m.SysDictMapper.selectPage     : ==> Parameters: 0(Long), 10(Long)
2025-07-04 10:46:00.256 DEBUG 33372 --- [http-nio-8888-exec-3] c.i.m.s.d.m.SysDictMapper.selectPage     : <==      Total: 7
2025-07-04 11:23:22.636 DEBUG 33372 --- [http-nio-8888-exec-9] c.i.m.s.u.m.SysUserMapper.selectOne      : ==>  Preparing: SELECT id,user_name,user_nick,user_pwd,user_email,user_mobile,user_sex,role_ids,status FROM sys_user WHERE user_name = ? 
2025-07-04 11:23:22.648 DEBUG 33372 --- [http-nio-8888-exec-9] c.i.m.s.u.m.SysUserMapper.selectOne      : ==> Parameters: admin(String)
2025-07-04 11:23:22.654 DEBUG 33372 --- [http-nio-8888-exec-9] c.i.m.s.u.m.SysUserMapper.selectOne      : <==      Total: 1
2025-07-04 11:23:22.839 DEBUG 33372 --- [http-nio-8888-exec-7] c.i.m.s.r.m.S.selectList                 : ==>  Preparing: SELECT id,user_id,role_id FROM sys_user_role WHERE user_id = ? 
2025-07-04 11:23:22.839 DEBUG 33372 --- [http-nio-8888-exec-7] c.i.m.s.r.m.S.selectList                 : ==> Parameters: 4(Integer)
2025-07-04 11:23:22.842 DEBUG 33372 --- [http-nio-8888-exec-7] c.i.m.s.r.m.S.selectList                 : <==      Total: 2
2025-07-04 11:23:22.844 DEBUG 33372 --- [http-nio-8888-exec-7] c.i.m.s.r.m.SysRoleMapper.selectById     : ==>  Preparing: SELECT id,name,status,keyword,sort FROM sys_role WHERE id=? 
2025-07-04 11:23:22.845 DEBUG 33372 --- [http-nio-8888-exec-7] c.i.m.s.r.m.SysRoleMapper.selectById     : ==> Parameters: 1(Integer)
2025-07-04 11:23:22.848 DEBUG 33372 --- [http-nio-8888-exec-7] c.i.m.s.r.m.SysRoleMapper.selectById     : <==      Total: 1
2025-07-04 11:23:22.852 DEBUG 33372 --- [http-nio-8888-exec-7] c.i.m.s.r.m.SysRoleMapper.selectById     : ==>  Preparing: SELECT id,name,status,keyword,sort FROM sys_role WHERE id=? 
2025-07-04 11:23:22.852 DEBUG 33372 --- [http-nio-8888-exec-7] c.i.m.s.r.m.SysRoleMapper.selectById     : ==> Parameters: 7(Integer)
2025-07-04 11:23:22.855 DEBUG 33372 --- [http-nio-8888-exec-7] c.i.m.s.r.m.SysRoleMapper.selectById     : <==      Total: 0
2025-07-04 11:23:22.859 DEBUG 33372 --- [http-nio-8888-exec-7] c.i.m.s.r.m.S.selectList                 : ==>  Preparing: SELECT id,role_id,menu_id FROM sys_role_menu WHERE role_id = ? 
2025-07-04 11:23:22.861 DEBUG 33372 --- [http-nio-8888-exec-7] c.i.m.s.r.m.S.selectList                 : ==> Parameters: 1(Integer)
2025-07-04 11:23:22.864 DEBUG 33372 --- [http-nio-8888-exec-7] c.i.m.s.r.m.S.selectList                 : <==      Total: 14
2025-07-04 11:23:22.866 DEBUG 33372 --- [http-nio-8888-exec-7] c.i.m.s.m.m.SysMenuMapper.selectById     : ==>  Preparing: SELECT id,p_id,name,url,role,is_menu,icon,sort,level FROM sys_menu WHERE id=? 
2025-07-04 11:23:22.868 DEBUG 33372 --- [http-nio-8888-exec-7] c.i.m.s.m.m.SysMenuMapper.selectById     : ==> Parameters: 1(Integer)
2025-07-04 11:23:22.871 DEBUG 33372 --- [http-nio-8888-exec-7] c.i.m.s.m.m.SysMenuMapper.selectById     : <==      Total: 1
2025-07-04 11:23:22.875 DEBUG 33372 --- [http-nio-8888-exec-7] c.i.m.s.m.m.SysMenuMapper.selectById     : ==>  Preparing: SELECT id,p_id,name,url,role,is_menu,icon,sort,level FROM sys_menu WHERE id=? 
2025-07-04 11:23:22.877 DEBUG 33372 --- [http-nio-8888-exec-7] c.i.m.s.m.m.SysMenuMapper.selectById     : ==> Parameters: 2(Integer)
2025-07-04 11:23:22.880 DEBUG 33372 --- [http-nio-8888-exec-7] c.i.m.s.m.m.SysMenuMapper.selectById     : <==      Total: 1
2025-07-04 11:23:22.884 DEBUG 33372 --- [http-nio-8888-exec-7] c.i.m.s.m.m.SysMenuMapper.selectById     : ==>  Preparing: SELECT id,p_id,name,url,role,is_menu,icon,sort,level FROM sys_menu WHERE id=? 
2025-07-04 11:23:22.885 DEBUG 33372 --- [http-nio-8888-exec-7] c.i.m.s.m.m.SysMenuMapper.selectById     : ==> Parameters: 32(Integer)
2025-07-04 11:23:22.890 DEBUG 33372 --- [http-nio-8888-exec-7] c.i.m.s.m.m.SysMenuMapper.selectById     : <==      Total: 1
2025-07-04 11:23:22.892 DEBUG 33372 --- [http-nio-8888-exec-7] c.i.m.s.m.m.SysMenuMapper.selectById     : ==>  Preparing: SELECT id,p_id,name,url,role,is_menu,icon,sort,level FROM sys_menu WHERE id=? 
2025-07-04 11:23:22.892 DEBUG 33372 --- [http-nio-8888-exec-7] c.i.m.s.m.m.SysMenuMapper.selectById     : ==> Parameters: 3(Integer)
2025-07-04 11:23:22.895 DEBUG 33372 --- [http-nio-8888-exec-7] c.i.m.s.m.m.SysMenuMapper.selectById     : <==      Total: 1
2025-07-04 11:23:22.900 DEBUG 33372 --- [http-nio-8888-exec-7] c.i.m.s.m.m.SysMenuMapper.selectById     : ==>  Preparing: SELECT id,p_id,name,url,role,is_menu,icon,sort,level FROM sys_menu WHERE id=? 
2025-07-04 11:23:22.900 DEBUG 33372 --- [http-nio-8888-exec-7] c.i.m.s.m.m.SysMenuMapper.selectById     : ==> Parameters: 4(Integer)
2025-07-04 11:23:22.901 DEBUG 33372 --- [http-nio-8888-exec-7] c.i.m.s.m.m.SysMenuMapper.selectById     : <==      Total: 1
2025-07-04 11:23:22.905 DEBUG 33372 --- [http-nio-8888-exec-7] c.i.m.s.m.m.SysMenuMapper.selectById     : ==>  Preparing: SELECT id,p_id,name,url,role,is_menu,icon,sort,level FROM sys_menu WHERE id=? 
2025-07-04 11:23:22.906 DEBUG 33372 --- [http-nio-8888-exec-7] c.i.m.s.m.m.SysMenuMapper.selectById     : ==> Parameters: 6(Integer)
2025-07-04 11:23:22.911 DEBUG 33372 --- [http-nio-8888-exec-7] c.i.m.s.m.m.SysMenuMapper.selectById     : <==      Total: 1
2025-07-04 11:23:22.913 DEBUG 33372 --- [http-nio-8888-exec-7] c.i.m.s.m.m.SysMenuMapper.selectById     : ==>  Preparing: SELECT id,p_id,name,url,role,is_menu,icon,sort,level FROM sys_menu WHERE id=? 
2025-07-04 11:23:22.915 DEBUG 33372 --- [http-nio-8888-exec-7] c.i.m.s.m.m.SysMenuMapper.selectById     : ==> Parameters: 31(Integer)
2025-07-04 11:23:22.915 DEBUG 33372 --- [http-nio-8888-exec-7] c.i.m.s.m.m.SysMenuMapper.selectById     : <==      Total: 1
2025-07-04 11:23:22.917 DEBUG 33372 --- [http-nio-8888-exec-7] c.i.m.s.m.m.SysMenuMapper.selectById     : ==>  Preparing: SELECT id,p_id,name,url,role,is_menu,icon,sort,level FROM sys_menu WHERE id=? 
2025-07-04 11:23:22.917 DEBUG 33372 --- [http-nio-8888-exec-7] c.i.m.s.m.m.SysMenuMapper.selectById     : ==> Parameters: 7(Integer)
2025-07-04 11:23:22.920 DEBUG 33372 --- [http-nio-8888-exec-7] c.i.m.s.m.m.SysMenuMapper.selectById     : <==      Total: 1
2025-07-04 11:23:22.921 DEBUG 33372 --- [http-nio-8888-exec-7] c.i.m.s.m.m.SysMenuMapper.selectById     : ==>  Preparing: SELECT id,p_id,name,url,role,is_menu,icon,sort,level FROM sys_menu WHERE id=? 
2025-07-04 11:23:22.921 DEBUG 33372 --- [http-nio-8888-exec-7] c.i.m.s.m.m.SysMenuMapper.selectById     : ==> Parameters: 34(Integer)
2025-07-04 11:23:22.922 DEBUG 33372 --- [http-nio-8888-exec-7] c.i.m.s.m.m.SysMenuMapper.selectById     : <==      Total: 1
2025-07-04 11:23:22.924 DEBUG 33372 --- [http-nio-8888-exec-7] c.i.m.s.m.m.SysMenuMapper.selectById     : ==>  Preparing: SELECT id,p_id,name,url,role,is_menu,icon,sort,level FROM sys_menu WHERE id=? 
2025-07-04 11:23:22.925 DEBUG 33372 --- [http-nio-8888-exec-7] c.i.m.s.m.m.SysMenuMapper.selectById     : ==> Parameters: 35(Integer)
2025-07-04 11:23:22.928 DEBUG 33372 --- [http-nio-8888-exec-7] c.i.m.s.m.m.SysMenuMapper.selectById     : <==      Total: 1
2025-07-04 11:23:22.928 DEBUG 33372 --- [http-nio-8888-exec-7] c.i.m.s.m.m.SysMenuMapper.selectById     : ==>  Preparing: SELECT id,p_id,name,url,role,is_menu,icon,sort,level FROM sys_menu WHERE id=? 
2025-07-04 11:23:22.930 DEBUG 33372 --- [http-nio-8888-exec-7] c.i.m.s.m.m.SysMenuMapper.selectById     : ==> Parameters: 36(Integer)
2025-07-04 11:23:22.932 DEBUG 33372 --- [http-nio-8888-exec-7] c.i.m.s.m.m.SysMenuMapper.selectById     : <==      Total: 1
2025-07-04 11:23:22.932 DEBUG 33372 --- [http-nio-8888-exec-7] c.i.m.s.m.m.SysMenuMapper.selectById     : ==>  Preparing: SELECT id,p_id,name,url,role,is_menu,icon,sort,level FROM sys_menu WHERE id=? 
2025-07-04 11:23:22.933 DEBUG 33372 --- [http-nio-8888-exec-7] c.i.m.s.m.m.SysMenuMapper.selectById     : ==> Parameters: 37(Integer)
2025-07-04 11:23:22.935 DEBUG 33372 --- [http-nio-8888-exec-7] c.i.m.s.m.m.SysMenuMapper.selectById     : <==      Total: 1
2025-07-04 11:23:22.936 DEBUG 33372 --- [http-nio-8888-exec-7] c.i.m.s.m.m.SysMenuMapper.selectById     : ==>  Preparing: SELECT id,p_id,name,url,role,is_menu,icon,sort,level FROM sys_menu WHERE id=? 
2025-07-04 11:23:22.936 DEBUG 33372 --- [http-nio-8888-exec-7] c.i.m.s.m.m.SysMenuMapper.selectById     : ==> Parameters: 38(Integer)
2025-07-04 11:23:22.938 DEBUG 33372 --- [http-nio-8888-exec-7] c.i.m.s.m.m.SysMenuMapper.selectById     : <==      Total: 1
2025-07-04 11:23:22.940 DEBUG 33372 --- [http-nio-8888-exec-7] c.i.m.s.m.m.SysMenuMapper.selectById     : ==>  Preparing: SELECT id,p_id,name,url,role,is_menu,icon,sort,level FROM sys_menu WHERE id=? 
2025-07-04 11:23:22.940 DEBUG 33372 --- [http-nio-8888-exec-7] c.i.m.s.m.m.SysMenuMapper.selectById     : ==> Parameters: 29(Integer)
2025-07-04 11:23:22.942 DEBUG 33372 --- [http-nio-8888-exec-7] c.i.m.s.m.m.SysMenuMapper.selectById     : <==      Total: 1
2025-07-04 11:23:31.706 DEBUG 33372 --- [http-nio-8888-exec-2] c.i.m.s.r.m.S.selectList                 : ==>  Preparing: SELECT id,user_id,role_id FROM sys_user_role WHERE user_id = ? 
2025-07-04 11:23:31.708 DEBUG 33372 --- [http-nio-8888-exec-2] c.i.m.s.r.m.S.selectList                 : ==> Parameters: 4(Integer)
2025-07-04 11:23:31.710 DEBUG 33372 --- [http-nio-8888-exec-2] c.i.m.s.r.m.S.selectList                 : <==      Total: 2
2025-07-04 11:23:31.714 DEBUG 33372 --- [http-nio-8888-exec-2] c.i.m.s.r.m.SysRoleMapper.selectOne      : ==>  Preparing: SELECT id,name,status,keyword,sort FROM sys_role WHERE id = ? 
2025-07-04 11:23:31.714 DEBUG 33372 --- [http-nio-8888-exec-2] c.i.m.s.r.m.SysRoleMapper.selectOne      : ==> Parameters: 1(Integer)
2025-07-04 11:23:31.716 DEBUG 33372 --- [http-nio-8888-exec-2] c.i.m.s.r.m.SysRoleMapper.selectOne      : <==      Total: 1
2025-07-04 11:23:31.719 DEBUG 33372 --- [http-nio-8888-exec-2] c.i.m.s.r.m.SysRoleMapper.selectOne      : ==>  Preparing: SELECT id,name,status,keyword,sort FROM sys_role WHERE id = ? 
2025-07-04 11:23:31.719 DEBUG 33372 --- [http-nio-8888-exec-2] c.i.m.s.r.m.SysRoleMapper.selectOne      : ==> Parameters: 7(Integer)
2025-07-04 11:23:31.720 DEBUG 33372 --- [http-nio-8888-exec-2] c.i.m.s.r.m.SysRoleMapper.selectOne      : <==      Total: 0
2025-07-04 11:23:31.723 DEBUG 33372 --- [http-nio-8888-exec-2] c.i.m.s.r.m.S.selectList                 : ==>  Preparing: SELECT id,role_id,menu_id FROM sys_role_menu WHERE role_id = ? 
2025-07-04 11:23:31.724 DEBUG 33372 --- [http-nio-8888-exec-2] c.i.m.s.r.m.S.selectList                 : ==> Parameters: 1(Integer)
2025-07-04 11:23:31.725 DEBUG 33372 --- [http-nio-8888-exec-2] c.i.m.s.r.m.S.selectList                 : <==      Total: 14
2025-07-04 11:23:31.726 DEBUG 33372 --- [http-nio-8888-exec-2] c.i.m.s.m.m.SysMenuMapper.selectById     : ==>  Preparing: SELECT id,p_id,name,url,role,is_menu,icon,sort,level FROM sys_menu WHERE id=? 
2025-07-04 11:23:31.728 DEBUG 33372 --- [http-nio-8888-exec-2] c.i.m.s.m.m.SysMenuMapper.selectById     : ==> Parameters: 1(Integer)
2025-07-04 11:23:31.728 DEBUG 33372 --- [http-nio-8888-exec-2] c.i.m.s.m.m.SysMenuMapper.selectById     : <==      Total: 1
2025-07-04 11:23:31.730 DEBUG 33372 --- [http-nio-8888-exec-2] c.i.m.s.m.m.SysMenuMapper.selectById     : ==>  Preparing: SELECT id,p_id,name,url,role,is_menu,icon,sort,level FROM sys_menu WHERE id=? 
2025-07-04 11:23:31.731 DEBUG 33372 --- [http-nio-8888-exec-2] c.i.m.s.m.m.SysMenuMapper.selectById     : ==> Parameters: 2(Integer)
2025-07-04 11:23:31.732 DEBUG 33372 --- [http-nio-8888-exec-2] c.i.m.s.m.m.SysMenuMapper.selectById     : <==      Total: 1
2025-07-04 11:23:31.734 DEBUG 33372 --- [http-nio-8888-exec-2] c.i.m.s.m.m.SysMenuMapper.selectById     : ==>  Preparing: SELECT id,p_id,name,url,role,is_menu,icon,sort,level FROM sys_menu WHERE id=? 
2025-07-04 11:23:31.734 DEBUG 33372 --- [http-nio-8888-exec-2] c.i.m.s.m.m.SysMenuMapper.selectById     : ==> Parameters: 32(Integer)
2025-07-04 11:23:31.736 DEBUG 33372 --- [http-nio-8888-exec-2] c.i.m.s.m.m.SysMenuMapper.selectById     : <==      Total: 1
2025-07-04 11:23:31.738 DEBUG 33372 --- [http-nio-8888-exec-2] c.i.m.s.m.m.SysMenuMapper.selectById     : ==>  Preparing: SELECT id,p_id,name,url,role,is_menu,icon,sort,level FROM sys_menu WHERE id=? 
2025-07-04 11:23:31.738 DEBUG 33372 --- [http-nio-8888-exec-2] c.i.m.s.m.m.SysMenuMapper.selectById     : ==> Parameters: 3(Integer)
2025-07-04 11:23:31.740 DEBUG 33372 --- [http-nio-8888-exec-2] c.i.m.s.m.m.SysMenuMapper.selectById     : <==      Total: 1
2025-07-04 11:23:31.741 DEBUG 33372 --- [http-nio-8888-exec-2] c.i.m.s.m.m.SysMenuMapper.selectById     : ==>  Preparing: SELECT id,p_id,name,url,role,is_menu,icon,sort,level FROM sys_menu WHERE id=? 
2025-07-04 11:23:31.742 DEBUG 33372 --- [http-nio-8888-exec-2] c.i.m.s.m.m.SysMenuMapper.selectById     : ==> Parameters: 4(Integer)
2025-07-04 11:23:31.744 DEBUG 33372 --- [http-nio-8888-exec-2] c.i.m.s.m.m.SysMenuMapper.selectById     : <==      Total: 1
2025-07-04 11:23:31.745 DEBUG 33372 --- [http-nio-8888-exec-2] c.i.m.s.m.m.SysMenuMapper.selectById     : ==>  Preparing: SELECT id,p_id,name,url,role,is_menu,icon,sort,level FROM sys_menu WHERE id=? 
2025-07-04 11:23:31.745 DEBUG 33372 --- [http-nio-8888-exec-2] c.i.m.s.m.m.SysMenuMapper.selectById     : ==> Parameters: 6(Integer)
2025-07-04 11:23:31.747 DEBUG 33372 --- [http-nio-8888-exec-2] c.i.m.s.m.m.SysMenuMapper.selectById     : <==      Total: 1
2025-07-04 11:23:31.748 DEBUG 33372 --- [http-nio-8888-exec-2] c.i.m.s.m.m.SysMenuMapper.selectById     : ==>  Preparing: SELECT id,p_id,name,url,role,is_menu,icon,sort,level FROM sys_menu WHERE id=? 
2025-07-04 11:23:31.749 DEBUG 33372 --- [http-nio-8888-exec-2] c.i.m.s.m.m.SysMenuMapper.selectById     : ==> Parameters: 31(Integer)
2025-07-04 11:23:31.751 DEBUG 33372 --- [http-nio-8888-exec-2] c.i.m.s.m.m.SysMenuMapper.selectById     : <==      Total: 1
2025-07-04 11:23:31.752 DEBUG 33372 --- [http-nio-8888-exec-2] c.i.m.s.m.m.SysMenuMapper.selectById     : ==>  Preparing: SELECT id,p_id,name,url,role,is_menu,icon,sort,level FROM sys_menu WHERE id=? 
2025-07-04 11:23:31.753 DEBUG 33372 --- [http-nio-8888-exec-2] c.i.m.s.m.m.SysMenuMapper.selectById     : ==> Parameters: 7(Integer)
2025-07-04 11:23:31.755 DEBUG 33372 --- [http-nio-8888-exec-2] c.i.m.s.m.m.SysMenuMapper.selectById     : <==      Total: 1
2025-07-04 11:23:31.757 DEBUG 33372 --- [http-nio-8888-exec-2] c.i.m.s.m.m.SysMenuMapper.selectById     : ==>  Preparing: SELECT id,p_id,name,url,role,is_menu,icon,sort,level FROM sys_menu WHERE id=? 
2025-07-04 11:23:31.758 DEBUG 33372 --- [http-nio-8888-exec-2] c.i.m.s.m.m.SysMenuMapper.selectById     : ==> Parameters: 34(Integer)
2025-07-04 11:23:31.759 DEBUG 33372 --- [http-nio-8888-exec-2] c.i.m.s.m.m.SysMenuMapper.selectById     : <==      Total: 1
2025-07-04 11:23:31.761 DEBUG 33372 --- [http-nio-8888-exec-2] c.i.m.s.m.m.SysMenuMapper.selectById     : ==>  Preparing: SELECT id,p_id,name,url,role,is_menu,icon,sort,level FROM sys_menu WHERE id=? 
2025-07-04 11:23:31.761 DEBUG 33372 --- [http-nio-8888-exec-2] c.i.m.s.m.m.SysMenuMapper.selectById     : ==> Parameters: 35(Integer)
2025-07-04 11:23:31.762 DEBUG 33372 --- [http-nio-8888-exec-2] c.i.m.s.m.m.SysMenuMapper.selectById     : <==      Total: 1
2025-07-04 11:23:31.763 DEBUG 33372 --- [http-nio-8888-exec-2] c.i.m.s.m.m.SysMenuMapper.selectById     : ==>  Preparing: SELECT id,p_id,name,url,role,is_menu,icon,sort,level FROM sys_menu WHERE id=? 
2025-07-04 11:23:31.764 DEBUG 33372 --- [http-nio-8888-exec-2] c.i.m.s.m.m.SysMenuMapper.selectById     : ==> Parameters: 36(Integer)
2025-07-04 11:23:31.766 DEBUG 33372 --- [http-nio-8888-exec-2] c.i.m.s.m.m.SysMenuMapper.selectById     : <==      Total: 1
2025-07-04 11:23:31.768 DEBUG 33372 --- [http-nio-8888-exec-2] c.i.m.s.m.m.SysMenuMapper.selectById     : ==>  Preparing: SELECT id,p_id,name,url,role,is_menu,icon,sort,level FROM sys_menu WHERE id=? 
2025-07-04 11:23:31.768 DEBUG 33372 --- [http-nio-8888-exec-2] c.i.m.s.m.m.SysMenuMapper.selectById     : ==> Parameters: 37(Integer)
2025-07-04 11:23:31.770 DEBUG 33372 --- [http-nio-8888-exec-2] c.i.m.s.m.m.SysMenuMapper.selectById     : <==      Total: 1
2025-07-04 11:23:31.771 DEBUG 33372 --- [http-nio-8888-exec-2] c.i.m.s.m.m.SysMenuMapper.selectById     : ==>  Preparing: SELECT id,p_id,name,url,role,is_menu,icon,sort,level FROM sys_menu WHERE id=? 
2025-07-04 11:23:31.771 DEBUG 33372 --- [http-nio-8888-exec-2] c.i.m.s.m.m.SysMenuMapper.selectById     : ==> Parameters: 38(Integer)
2025-07-04 11:23:31.773 DEBUG 33372 --- [http-nio-8888-exec-2] c.i.m.s.m.m.SysMenuMapper.selectById     : <==      Total: 1
2025-07-04 11:23:31.775 DEBUG 33372 --- [http-nio-8888-exec-2] c.i.m.s.m.m.SysMenuMapper.selectById     : ==>  Preparing: SELECT id,p_id,name,url,role,is_menu,icon,sort,level FROM sys_menu WHERE id=? 
2025-07-04 11:23:31.776 DEBUG 33372 --- [http-nio-8888-exec-2] c.i.m.s.m.m.SysMenuMapper.selectById     : ==> Parameters: 29(Integer)
2025-07-04 11:23:31.778 DEBUG 33372 --- [http-nio-8888-exec-2] c.i.m.s.m.m.SysMenuMapper.selectById     : <==      Total: 1
2025-07-04 11:23:31.982 DEBUG 33372 --- [http-nio-8888-exec-4] c.i.m.s.u.m.SysUserMapper.selectPage     : ==>  Preparing: SELECT COUNT(1) FROM sys_user 
2025-07-04 11:23:31.983 DEBUG 33372 --- [http-nio-8888-exec-4] c.i.m.s.u.m.SysUserMapper.selectPage     : ==> Parameters: 
2025-07-04 11:23:31.985 DEBUG 33372 --- [http-nio-8888-exec-4] c.i.m.s.u.m.SysUserMapper.selectPage     : ==>  Preparing: SELECT id,user_name,user_nick,user_pwd,user_email,user_mobile,user_sex,role_ids,status FROM sys_user LIMIT ?,? 
2025-07-04 11:23:31.986 DEBUG 33372 --- [http-nio-8888-exec-4] c.i.m.s.u.m.SysUserMapper.selectPage     : ==> Parameters: 0(Long), 10(Long)
2025-07-04 11:23:31.988 DEBUG 33372 --- [http-nio-8888-exec-4] c.i.m.s.u.m.SysUserMapper.selectPage     : <==      Total: 1
2025-07-04 11:23:33.140 DEBUG 33372 --- [http-nio-8888-exec-10] c.i.m.s.m.m.SysMenuMapper.selectList     : ==>  Preparing: SELECT id,p_id,name,url,role,is_menu,icon,sort,level FROM sys_menu 
2025-07-04 11:23:33.141 DEBUG 33372 --- [http-nio-8888-exec-10] c.i.m.s.m.m.SysMenuMapper.selectList     : ==> Parameters: 
2025-07-04 11:23:33.145 DEBUG 33372 --- [http-nio-8888-exec-10] c.i.m.s.m.m.SysMenuMapper.selectList     : <==      Total: 16
2025-07-04 11:23:33.699 DEBUG 33372 --- [http-nio-8888-exec-6] c.i.m.s.r.m.SysRoleMapper.selectPage     : ==>  Preparing: SELECT COUNT(1) FROM sys_role 
2025-07-04 11:23:33.700 DEBUG 33372 --- [http-nio-8888-exec-6] c.i.m.s.r.m.SysRoleMapper.selectPage     : ==> Parameters: 
2025-07-04 11:23:33.702 DEBUG 33372 --- [http-nio-8888-exec-6] c.i.m.s.r.m.SysRoleMapper.selectPage     : ==>  Preparing: SELECT id,name,status,keyword,sort FROM sys_role LIMIT ?,? 
2025-07-04 11:23:33.702 DEBUG 33372 --- [http-nio-8888-exec-6] c.i.m.s.r.m.SysRoleMapper.selectPage     : ==> Parameters: 0(Long), 10(Long)
2025-07-04 11:23:33.705 DEBUG 33372 --- [http-nio-8888-exec-6] c.i.m.s.r.m.SysRoleMapper.selectPage     : <==      Total: 1
2025-07-04 11:23:35.360 DEBUG 33372 --- [http-nio-8888-exec-9] c.i.m.s.d.m.SysDictMapper.selectPage     : ==>  Preparing: SELECT COUNT(1) FROM sys_dict 
2025-07-04 11:23:35.361 DEBUG 33372 --- [http-nio-8888-exec-9] c.i.m.s.d.m.SysDictMapper.selectPage     : ==> Parameters: 
2025-07-04 11:23:35.363 DEBUG 33372 --- [http-nio-8888-exec-9] c.i.m.s.d.m.SysDictMapper.selectPage     : ==>  Preparing: SELECT id,num,pid,name,code FROM sys_dict LIMIT ?,? 
2025-07-04 11:23:35.364 DEBUG 33372 --- [http-nio-8888-exec-9] c.i.m.s.d.m.SysDictMapper.selectPage     : ==> Parameters: 0(Long), 10(Long)
2025-07-04 11:23:35.368 DEBUG 33372 --- [http-nio-8888-exec-9] c.i.m.s.d.m.SysDictMapper.selectPage     : <==      Total: 7
2025-07-04 11:23:35.934 DEBUG 33372 --- [http-nio-8888-exec-1] c.i.m.s.l.m.SysBizLogMapper.selectPage   : ==>  Preparing: SELECT COUNT(1) FROM sys_biz_log 
2025-07-04 11:23:35.935 DEBUG 33372 --- [http-nio-8888-exec-1] c.i.m.s.l.m.SysBizLogMapper.selectPage   : ==> Parameters: 
2025-07-04 11:23:35.938 DEBUG 33372 --- [http-nio-8888-exec-1] c.i.m.s.l.m.SysBizLogMapper.selectPage   : ==>  Preparing: SELECT id,title,params,class_name,method,create_time FROM sys_biz_log LIMIT ?,? 
2025-07-04 11:23:35.938 DEBUG 33372 --- [http-nio-8888-exec-1] c.i.m.s.l.m.SysBizLogMapper.selectPage   : ==> Parameters: 0(Long), 10(Long)
2025-07-04 11:23:35.942 DEBUG 33372 --- [http-nio-8888-exec-1] c.i.m.s.l.m.SysBizLogMapper.selectPage   : <==      Total: 10
2025-07-04 11:23:37.965 DEBUG 33372 --- [http-nio-8888-exec-4] c.i.m.s.g.mapper.GoodsMapper.selectPage  : ==>  Preparing: SELECT COUNT(1) FROM goods 
2025-07-04 11:23:37.966 DEBUG 33372 --- [http-nio-8888-exec-4] c.i.m.s.g.mapper.GoodsMapper.selectPage  : ==> Parameters: 
2025-07-04 11:23:37.968 DEBUG 33372 --- [http-nio-8888-exec-4] c.i.m.s.g.mapper.GoodsMapper.selectPage  : ==>  Preparing: SELECT id,goodname,goodownerid,price,description,image,num,catagory,time FROM goods LIMIT ?,? 
2025-07-04 11:23:37.969 DEBUG 33372 --- [http-nio-8888-exec-4] c.i.m.s.g.mapper.GoodsMapper.selectPage  : ==> Parameters: 0(Long), 10(Long)
2025-07-04 11:23:37.973 DEBUG 33372 --- [http-nio-8888-exec-4] c.i.m.s.g.mapper.GoodsMapper.selectPage  : <==      Total: 10
2025-07-04 11:23:38.992 DEBUG 33372 --- [http-nio-8888-exec-3] c.i.m.s.d.m.SysDictMapper.selectOne      : ==>  Preparing: SELECT id,num,pid,name,code FROM sys_dict WHERE code = ? 
2025-07-04 11:23:38.992 DEBUG 33372 --- [http-nio-8888-exec-3] c.i.m.s.d.m.SysDictMapper.selectOne      : ==> Parameters: sex(String)
2025-07-04 11:23:38.995 DEBUG 33372 --- [http-nio-8888-exec-3] c.i.m.s.d.m.SysDictMapper.selectOne      : <==      Total: 1
2025-07-04 11:23:38.997 DEBUG 33372 --- [http-nio-8888-exec-3] c.i.m.s.d.m.SysDictMapper.selectOne      : ==>  Preparing: SELECT id,num,pid,name,code FROM sys_dict WHERE code = ? 
2025-07-04 11:23:38.998 DEBUG 33372 --- [http-nio-8888-exec-3] c.i.m.s.d.m.SysDictMapper.selectOne      : ==> Parameters: sex(String)
2025-07-04 11:23:38.999 DEBUG 33372 --- [http-nio-8888-exec-3] c.i.m.s.d.m.SysDictMapper.selectOne      : <==      Total: 1
2025-07-04 11:23:39.002 DEBUG 33372 --- [http-nio-8888-exec-3] c.i.m.s.d.m.SysDictMapper.selectList     : ==>  Preparing: SELECT id,num,pid,name,code FROM sys_dict WHERE pid = ? 
2025-07-04 11:23:39.002 DEBUG 33372 --- [http-nio-8888-exec-3] c.i.m.s.d.m.SysDictMapper.selectList     : ==> Parameters: 69(Integer)
2025-07-04 11:23:39.003 DEBUG 33372 --- [http-nio-8888-exec-3] c.i.m.s.d.m.SysDictMapper.selectList     : <==      Total: 2
2025-07-04 11:23:39.005 DEBUG 33372 --- [http-nio-8888-exec-3] c.i.m.s.d.m.SysDictMapper.selectOne      : ==>  Preparing: SELECT id,num,pid,name,code FROM sys_dict WHERE code = ? 
2025-07-04 11:23:39.006 DEBUG 33372 --- [http-nio-8888-exec-3] c.i.m.s.d.m.SysDictMapper.selectOne      : ==> Parameters: sex(String)
2025-07-04 11:23:39.006 DEBUG 33372 --- [http-nio-8888-exec-3] c.i.m.s.d.m.SysDictMapper.selectOne      : <==      Total: 1
2025-07-04 11:23:39.009 DEBUG 33372 --- [http-nio-8888-exec-3] c.i.m.s.d.m.SysDictMapper.selectList     : ==>  Preparing: SELECT id,num,pid,name,code FROM sys_dict WHERE pid = ? 
2025-07-04 11:23:39.009 DEBUG 33372 --- [http-nio-8888-exec-3] c.i.m.s.d.m.SysDictMapper.selectList     : ==> Parameters: 69(Integer)
2025-07-04 11:23:39.010 DEBUG 33372 --- [http-nio-8888-exec-3] c.i.m.s.d.m.SysDictMapper.selectList     : <==      Total: 2
2025-07-04 11:23:39.120 DEBUG 33372 --- [http-nio-8888-exec-10] c.i.m.s.u.mapper.UsersMapper.selectPage  : ==>  Preparing: SELECT COUNT(1) FROM users 
2025-07-04 11:23:39.121 DEBUG 33372 --- [http-nio-8888-exec-10] c.i.m.s.u.mapper.UsersMapper.selectPage  : ==> Parameters: 
2025-07-04 11:23:39.124 DEBUG 33372 --- [http-nio-8888-exec-10] c.i.m.s.u.mapper.UsersMapper.selectPage  : ==>  Preparing: SELECT id,username,nickname,head,mobilephone,address,sex,college,openid FROM users LIMIT ?,? 
2025-07-04 11:23:39.124 DEBUG 33372 --- [http-nio-8888-exec-10] c.i.m.s.u.mapper.UsersMapper.selectPage  : ==> Parameters: 0(Long), 10(Long)
2025-07-04 11:23:39.128 DEBUG 33372 --- [http-nio-8888-exec-10] c.i.m.s.u.mapper.UsersMapper.selectPage  : <==      Total: 10
2025-07-04 11:23:39.872 DEBUG 33372 --- [http-nio-8888-exec-6] c.i.m.s.m.m.MessageMapper.selectPage     : ==>  Preparing: SELECT COUNT(1) FROM message 
2025-07-04 11:23:39.873 DEBUG 33372 --- [http-nio-8888-exec-6] c.i.m.s.m.m.MessageMapper.selectPage     : ==> Parameters: 
2025-07-04 11:23:39.875 DEBUG 33372 --- [http-nio-8888-exec-6] c.i.m.s.m.m.MessageMapper.selectPage     : ==>  Preparing: SELECT id,senduserid,reciveuserid,goodid,status,content,time,title FROM message LIMIT ?,? 
2025-07-04 11:23:39.875 DEBUG 33372 --- [http-nio-8888-exec-6] c.i.m.s.m.m.MessageMapper.selectPage     : ==> Parameters: 0(Long), 10(Long)
2025-07-04 11:23:39.880 DEBUG 33372 --- [http-nio-8888-exec-6] c.i.m.s.m.m.MessageMapper.selectPage     : <==      Total: 10
2025-07-04 11:43:39.731  INFO 33372 --- [Thread-24] o.s.s.concurrent.ThreadPoolTaskExecutor  : Shutting down ExecutorService 'applicationTaskExecutor'
2025-07-04 11:43:39.734  INFO 33372 --- [Thread-24] com.alibaba.druid.pool.DruidDataSource   : {dataSource-1} closing ...
2025-07-04 11:43:39.747  INFO 33372 --- [Thread-24] com.alibaba.druid.pool.DruidDataSource   : {dataSource-1} closed
