2025-04-25 17:01:38.310 DEBUG 28776 --- [background-preinit] .h.v.m.ResourceBundleMessageInterpolator : Loaded expression factory via original TCCL
2025-04-25 17:01:38.479  INFO 28776 --- [restartedMain] com.ins1st.Ins1stWebApplication          : Starting Ins1stWebApplication on Hua-WinLap with PID 28776 (D:\Code\second\book_admin\ins1st-web\target\classes started by 0657 in D:\Code\second\book_admin\ins1st-web)
2025-04-25 17:01:38.479 DEBUG 28776 --- [restartedMain] com.ins1st.Ins1stWebApplication          : Running with Spring Boot v2.1.4.RELEASE, Spring v5.1.6.RELEASE
2025-04-25 17:01:38.480  INFO 28776 --- [restartedMain] com.ins1st.Ins1stWebApplication          : No active profile set, falling back to default profiles: default
2025-04-25 17:01:38.550  INFO 28776 --- [restartedMain] .e.DevToolsPropertyDefaultsPostProcessor : Devtools property defaults active! Set 'spring.devtools.add-properties' to 'false' to disable
2025-04-25 17:01:38.550  INFO 28776 --- [restartedMain] .e.DevToolsPropertyDefaultsPostProcessor : For additional web related logging consider setting the 'logging.level.web' property to 'DEBUG'
2025-04-25 17:01:40.354  INFO 28776 --- [restartedMain] .s.d.r.c.RepositoryConfigurationDelegate : Multiple Spring Data modules found, entering strict repository configuration mode!
2025-04-25 17:01:40.358  INFO 28776 --- [restartedMain] .s.d.r.c.RepositoryConfigurationDelegate : Bootstrapping Spring Data repositories in DEFAULT mode.
2025-04-25 17:01:40.482  INFO 28776 --- [restartedMain] .s.d.r.c.RepositoryConfigurationDelegate : Finished Spring Data repository scanning in 107ms. Found 0 repository interfaces.
2025-04-25 17:01:41.136  INFO 28776 --- [restartedMain] trationDelegate$BeanPostProcessorChecker : Bean 'org.springframework.transaction.annotation.ProxyTransactionManagementConfiguration' of type [org.springframework.transaction.annotation.ProxyTransactionManagementConfiguration$$EnhancerBySpringCGLIB$$352254e6] is not eligible for getting processed by all BeanPostProcessors (for example: not eligible for auto-proxying)
2025-04-25 17:01:41.158  INFO 28776 --- [restartedMain] trationDelegate$BeanPostProcessorChecker : Bean 'shiroConfig' of type [com.ins1st.core.shiro.ShiroConfig$$EnhancerBySpringCGLIB$$bbac220f] is not eligible for getting processed by all BeanPostProcessors (for example: not eligible for auto-proxying)
2025-04-25 17:01:41.172  INFO 28776 --- [restartedMain] trationDelegate$BeanPostProcessorChecker : Bean 'spring.cache-org.springframework.boot.autoconfigure.cache.CacheProperties' of type [org.springframework.boot.autoconfigure.cache.CacheProperties] is not eligible for getting processed by all BeanPostProcessors (for example: not eligible for auto-proxying)
2025-04-25 17:01:41.178  INFO 28776 --- [restartedMain] trationDelegate$BeanPostProcessorChecker : Bean 'org.springframework.boot.autoconfigure.cache.CacheAutoConfiguration' of type [org.springframework.boot.autoconfigure.cache.CacheAutoConfiguration$$EnhancerBySpringCGLIB$$72a84fa8] is not eligible for getting processed by all BeanPostProcessors (for example: not eligible for auto-proxying)
2025-04-25 17:01:41.185  INFO 28776 --- [restartedMain] trationDelegate$BeanPostProcessorChecker : Bean 'cacheManagerCustomizers' of type [org.springframework.boot.autoconfigure.cache.CacheManagerCustomizers] is not eligible for getting processed by all BeanPostProcessors (for example: not eligible for auto-proxying)
2025-04-25 17:01:41.187  INFO 28776 --- [restartedMain] trationDelegate$BeanPostProcessorChecker : Bean 'org.springframework.boot.autoconfigure.cache.EhCacheCacheConfiguration' of type [org.springframework.boot.autoconfigure.cache.EhCacheCacheConfiguration$$EnhancerBySpringCGLIB$$d471ca6] is not eligible for getting processed by all BeanPostProcessors (for example: not eligible for auto-proxying)
2025-04-25 17:01:42.066  INFO 28776 --- [restartedMain] trationDelegate$BeanPostProcessorChecker : Bean 'ehCacheCacheManager' of type [net.sf.ehcache.CacheManager] is not eligible for getting processed by all BeanPostProcessors (for example: not eligible for auto-proxying)
2025-04-25 17:01:42.083  INFO 28776 --- [restartedMain] trationDelegate$BeanPostProcessorChecker : Bean 'ehCacheManager' of type [org.apache.shiro.cache.ehcache.EhCacheManager] is not eligible for getting processed by all BeanPostProcessors (for example: not eligible for auto-proxying)
2025-04-25 17:01:43.121  INFO 28776 --- [restartedMain] trationDelegate$BeanPostProcessorChecker : Bean 'mybatis-plus-com.baomidou.mybatisplus.autoconfigure.MybatisPlusProperties' of type [com.baomidou.mybatisplus.autoconfigure.MybatisPlusProperties] is not eligible for getting processed by all BeanPostProcessors (for example: not eligible for auto-proxying)
2025-04-25 17:01:43.127  INFO 28776 --- [restartedMain] trationDelegate$BeanPostProcessorChecker : Bean 'mybatisPlusConfig' of type [com.ins1st.core.config.mybatisplus.MybatisPlusConfig$$EnhancerBySpringCGLIB$$8fc35edf] is not eligible for getting processed by all BeanPostProcessors (for example: not eligible for auto-proxying)
2025-04-25 17:01:43.133  INFO 28776 --- [restartedMain] trationDelegate$BeanPostProcessorChecker : Bean 'paginationInterceptor' of type [com.baomidou.mybatisplus.extension.plugins.PaginationInterceptor] is not eligible for getting processed by all BeanPostProcessors (for example: not eligible for auto-proxying)
2025-04-25 17:01:43.139  INFO 28776 --- [restartedMain] trationDelegate$BeanPostProcessorChecker : Bean 'com.baomidou.mybatisplus.autoconfigure.MybatisPlusAutoConfiguration' of type [com.baomidou.mybatisplus.autoconfigure.MybatisPlusAutoConfiguration$$EnhancerBySpringCGLIB$$72eac180] is not eligible for getting processed by all BeanPostProcessors (for example: not eligible for auto-proxying)
2025-04-25 17:01:43.142  INFO 28776 --- [restartedMain] trationDelegate$BeanPostProcessorChecker : Bean 'druidConfig' of type [com.ins1st.core.config.druid.DruidConfig$$EnhancerBySpringCGLIB$$c702929] is not eligible for getting processed by all BeanPostProcessors (for example: not eligible for auto-proxying)
2025-04-25 17:01:43.239  INFO 28776 --- [restartedMain] trationDelegate$BeanPostProcessorChecker : Bean 'druidDataSource' of type [com.alibaba.druid.pool.DruidDataSource] is not eligible for getting processed by all BeanPostProcessors (for example: not eligible for auto-proxying)
2025-04-25 17:01:43.290  INFO 28776 --- [restartedMain] trationDelegate$BeanPostProcessorChecker : Bean 'spring.datasource-org.springframework.boot.autoconfigure.jdbc.DataSourceProperties' of type [org.springframework.boot.autoconfigure.jdbc.DataSourceProperties] is not eligible for getting processed by all BeanPostProcessors (for example: not eligible for auto-proxying)
2025-04-25 17:01:43.300  INFO 28776 --- [restartedMain] trationDelegate$BeanPostProcessorChecker : Bean 'org.springframework.boot.autoconfigure.jdbc.DataSourceInitializerInvoker' of type [org.springframework.boot.autoconfigure.jdbc.DataSourceInitializerInvoker] is not eligible for getting processed by all BeanPostProcessors (for example: not eligible for auto-proxying)
2025-04-25 17:01:43.700  INFO 28776 --- [restartedMain] com.alibaba.druid.pool.DruidDataSource   : {dataSource-1} inited
2025-04-25 17:01:44.173  INFO 28776 --- [restartedMain] trationDelegate$BeanPostProcessorChecker : Bean 'sqlSessionFactory' of type [org.apache.ibatis.session.defaults.DefaultSqlSessionFactory] is not eligible for getting processed by all BeanPostProcessors (for example: not eligible for auto-proxying)
2025-04-25 17:01:44.188  INFO 28776 --- [restartedMain] trationDelegate$BeanPostProcessorChecker : Bean 'sqlSessionTemplate' of type [org.mybatis.spring.SqlSessionTemplate] is not eligible for getting processed by all BeanPostProcessors (for example: not eligible for auto-proxying)
2025-04-25 17:01:44.193  INFO 28776 --- [restartedMain] trationDelegate$BeanPostProcessorChecker : Bean 'sysUserMapper' of type [org.mybatis.spring.mapper.MapperFactoryBean] is not eligible for getting processed by all BeanPostProcessors (for example: not eligible for auto-proxying)
2025-04-25 17:01:44.198  INFO 28776 --- [restartedMain] trationDelegate$BeanPostProcessorChecker : Bean 'sysUserMapper' of type [com.sun.proxy.$Proxy88] is not eligible for getting processed by all BeanPostProcessors (for example: not eligible for auto-proxying)
2025-04-25 17:01:44.206  INFO 28776 --- [restartedMain] trationDelegate$BeanPostProcessorChecker : Bean 'sysUserRoleMapper' of type [org.mybatis.spring.mapper.MapperFactoryBean] is not eligible for getting processed by all BeanPostProcessors (for example: not eligible for auto-proxying)
2025-04-25 17:01:44.208  INFO 28776 --- [restartedMain] trationDelegate$BeanPostProcessorChecker : Bean 'sysUserRoleMapper' of type [com.sun.proxy.$Proxy90] is not eligible for getting processed by all BeanPostProcessors (for example: not eligible for auto-proxying)
2025-04-25 17:01:44.213  INFO 28776 --- [restartedMain] trationDelegate$BeanPostProcessorChecker : Bean 'sysRoleMapper' of type [org.mybatis.spring.mapper.MapperFactoryBean] is not eligible for getting processed by all BeanPostProcessors (for example: not eligible for auto-proxying)
2025-04-25 17:01:44.215  INFO 28776 --- [restartedMain] trationDelegate$BeanPostProcessorChecker : Bean 'sysRoleMapper' of type [com.sun.proxy.$Proxy91] is not eligible for getting processed by all BeanPostProcessors (for example: not eligible for auto-proxying)
2025-04-25 17:01:44.224  INFO 28776 --- [restartedMain] trationDelegate$BeanPostProcessorChecker : Bean 'sysRoleMenuMapper' of type [org.mybatis.spring.mapper.MapperFactoryBean] is not eligible for getting processed by all BeanPostProcessors (for example: not eligible for auto-proxying)
2025-04-25 17:01:44.225  INFO 28776 --- [restartedMain] trationDelegate$BeanPostProcessorChecker : Bean 'sysRoleMenuMapper' of type [com.sun.proxy.$Proxy92] is not eligible for getting processed by all BeanPostProcessors (for example: not eligible for auto-proxying)
2025-04-25 17:01:44.231  INFO 28776 --- [restartedMain] trationDelegate$BeanPostProcessorChecker : Bean 'sysMenuMapper' of type [org.mybatis.spring.mapper.MapperFactoryBean] is not eligible for getting processed by all BeanPostProcessors (for example: not eligible for auto-proxying)
2025-04-25 17:01:44.233  INFO 28776 --- [restartedMain] trationDelegate$BeanPostProcessorChecker : Bean 'sysMenuMapper' of type [com.sun.proxy.$Proxy93] is not eligible for getting processed by all BeanPostProcessors (for example: not eligible for auto-proxying)
2025-04-25 17:01:44.234  INFO 28776 --- [restartedMain] trationDelegate$BeanPostProcessorChecker : Bean 'sysUserService' of type [com.ins1st.modules.sys.user.service.impl.SysUserServiceImpl] is not eligible for getting processed by all BeanPostProcessors (for example: not eligible for auto-proxying)
2025-04-25 17:01:44.282  INFO 28776 --- [restartedMain] trationDelegate$BeanPostProcessorChecker : Bean 'shiroRealm' of type [com.ins1st.core.shiro.ShiroRealm] is not eligible for getting processed by all BeanPostProcessors (for example: not eligible for auto-proxying)
2025-04-25 17:01:44.289  INFO 28776 --- [restartedMain] o.a.shiro.cache.ehcache.EhCacheManager   : Cache with name 'com.ins1st.core.shiro.ShiroRealm.authorizationCache' does not yet exist.  Creating now.
2025-04-25 17:01:44.357  INFO 28776 --- [restartedMain] o.a.shiro.cache.ehcache.EhCacheManager   : Added EhCache named [com.ins1st.core.shiro.ShiroRealm.authorizationCache]
2025-04-25 17:01:44.360  INFO 28776 --- [restartedMain] trationDelegate$BeanPostProcessorChecker : Bean 'securityManager' of type [org.apache.shiro.web.mgt.DefaultWebSecurityManager] is not eligible for getting processed by all BeanPostProcessors (for example: not eligible for auto-proxying)
2025-04-25 17:01:44.860  INFO 28776 --- [restartedMain] o.s.b.w.embedded.tomcat.TomcatWebServer  : Tomcat initialized with port(s): 8888 (http)
2025-04-25 17:01:44.889  INFO 28776 --- [restartedMain] o.apache.catalina.core.StandardService   : Starting service [Tomcat]
2025-04-25 17:01:44.889  INFO 28776 --- [restartedMain] org.apache.catalina.core.StandardEngine  : Starting Servlet engine: [Apache Tomcat/9.0.17]
2025-04-25 17:01:45.065  INFO 28776 --- [restartedMain] o.a.c.c.C.[Tomcat].[localhost].[/]       : Initializing Spring embedded WebApplicationContext
2025-04-25 17:01:45.065  INFO 28776 --- [restartedMain] o.s.web.context.ContextLoader            : Root WebApplicationContext: initialization completed in 6515 ms
2025-04-25 17:01:46.367  INFO 28776 --- [restartedMain] pertySourcedRequestMappingHandlerMapping : Mapped URL path [/v2/api-docs] onto method [public org.springframework.http.ResponseEntity<springfox.documentation.spring.web.json.Json> springfox.documentation.swagger2.web.Swagger2Controller.getDocumentation(java.lang.String,javax.servlet.http.HttpServletRequest)]
2025-04-25 17:01:46.621  INFO 28776 --- [restartedMain] o.s.s.concurrent.ThreadPoolTaskExecutor  : Initializing ExecutorService 'applicationTaskExecutor'
2025-04-25 17:01:46.663  INFO 28776 --- [restartedMain] o.s.b.d.a.OptionalLiveReloadServer       : LiveReload server is running on port 35729
2025-04-25 17:01:47.637  INFO 28776 --- [restartedMain] d.s.w.p.DocumentationPluginsBootstrapper : Context refreshed
2025-04-25 17:01:47.665  INFO 28776 --- [restartedMain] d.s.w.p.DocumentationPluginsBootstrapper : Found 1 custom documentation plugin(s)
2025-04-25 17:01:47.688  INFO 28776 --- [restartedMain] s.d.s.w.s.ApiListingReferenceScanner     : Scanning for api listing references
2025-04-25 17:01:47.838  INFO 28776 --- [restartedMain] o.s.b.w.embedded.tomcat.TomcatWebServer  : Tomcat started on port(s): 8888 (http) with context path ''
2025-04-25 17:01:47.841  INFO 28776 --- [restartedMain] com.ins1st.Ins1stWebApplication          : Started Ins1stWebApplication in 9.952 seconds (JVM running for 10.621)
2025-04-25 23:23:48.756  INFO 13500 --- [restartedMain] com.ins1st.Ins1stWebApplication          : Starting Ins1stWebApplication on Hua-WinLap with PID 13500 (D:\Code\second\book_admin\ins1st-web\target\classes started by 0657 in D:\Code\second\book_admin\ins1st-web)
2025-04-25 23:23:48.759 DEBUG 13500 --- [restartedMain] com.ins1st.Ins1stWebApplication          : Running with Spring Boot v2.1.4.RELEASE, Spring v5.1.6.RELEASE
2025-04-25 23:23:48.759  INFO 13500 --- [restartedMain] com.ins1st.Ins1stWebApplication          : No active profile set, falling back to default profiles: default
2025-04-25 23:23:48.822  INFO 13500 --- [restartedMain] .e.DevToolsPropertyDefaultsPostProcessor : Devtools property defaults active! Set 'spring.devtools.add-properties' to 'false' to disable
2025-04-25 23:23:48.822  INFO 13500 --- [restartedMain] .e.DevToolsPropertyDefaultsPostProcessor : For additional web related logging consider setting the 'logging.level.web' property to 'DEBUG'
2025-04-25 23:23:50.496  INFO 13500 --- [restartedMain] .s.d.r.c.RepositoryConfigurationDelegate : Multiple Spring Data modules found, entering strict repository configuration mode!
2025-04-25 23:23:50.500  INFO 13500 --- [restartedMain] .s.d.r.c.RepositoryConfigurationDelegate : Bootstrapping Spring Data repositories in DEFAULT mode.
2025-04-25 23:23:50.623  INFO 13500 --- [restartedMain] .s.d.r.c.RepositoryConfigurationDelegate : Finished Spring Data repository scanning in 103ms. Found 0 repository interfaces.
2025-04-25 23:23:51.265  INFO 13500 --- [restartedMain] trationDelegate$BeanPostProcessorChecker : Bean 'org.springframework.transaction.annotation.ProxyTransactionManagementConfiguration' of type [org.springframework.transaction.annotation.ProxyTransactionManagementConfiguration$$EnhancerBySpringCGLIB$$908843fe] is not eligible for getting processed by all BeanPostProcessors (for example: not eligible for auto-proxying)
2025-04-25 23:23:51.286  INFO 13500 --- [restartedMain] trationDelegate$BeanPostProcessorChecker : Bean 'shiroConfig' of type [com.ins1st.core.shiro.ShiroConfig$$EnhancerBySpringCGLIB$$17121127] is not eligible for getting processed by all BeanPostProcessors (for example: not eligible for auto-proxying)
2025-04-25 23:23:51.302  INFO 13500 --- [restartedMain] trationDelegate$BeanPostProcessorChecker : Bean 'spring.cache-org.springframework.boot.autoconfigure.cache.CacheProperties' of type [org.springframework.boot.autoconfigure.cache.CacheProperties] is not eligible for getting processed by all BeanPostProcessors (for example: not eligible for auto-proxying)
2025-04-25 23:23:51.307  INFO 13500 --- [restartedMain] trationDelegate$BeanPostProcessorChecker : Bean 'org.springframework.boot.autoconfigure.cache.CacheAutoConfiguration' of type [org.springframework.boot.autoconfigure.cache.CacheAutoConfiguration$$EnhancerBySpringCGLIB$$ce0e3ec0] is not eligible for getting processed by all BeanPostProcessors (for example: not eligible for auto-proxying)
2025-04-25 23:23:51.314  INFO 13500 --- [restartedMain] trationDelegate$BeanPostProcessorChecker : Bean 'cacheManagerCustomizers' of type [org.springframework.boot.autoconfigure.cache.CacheManagerCustomizers] is not eligible for getting processed by all BeanPostProcessors (for example: not eligible for auto-proxying)
2025-04-25 23:23:51.315  INFO 13500 --- [restartedMain] trationDelegate$BeanPostProcessorChecker : Bean 'org.springframework.boot.autoconfigure.cache.EhCacheCacheConfiguration' of type [org.springframework.boot.autoconfigure.cache.EhCacheCacheConfiguration$$EnhancerBySpringCGLIB$$68ad0bbe] is not eligible for getting processed by all BeanPostProcessors (for example: not eligible for auto-proxying)
2025-04-25 23:23:52.182  INFO 13500 --- [restartedMain] trationDelegate$BeanPostProcessorChecker : Bean 'ehCacheCacheManager' of type [net.sf.ehcache.CacheManager] is not eligible for getting processed by all BeanPostProcessors (for example: not eligible for auto-proxying)
2025-04-25 23:23:52.197  INFO 13500 --- [restartedMain] trationDelegate$BeanPostProcessorChecker : Bean 'ehCacheManager' of type [org.apache.shiro.cache.ehcache.EhCacheManager] is not eligible for getting processed by all BeanPostProcessors (for example: not eligible for auto-proxying)
2025-04-25 23:23:53.194  INFO 13500 --- [restartedMain] trationDelegate$BeanPostProcessorChecker : Bean 'mybatis-plus-com.baomidou.mybatisplus.autoconfigure.MybatisPlusProperties' of type [com.baomidou.mybatisplus.autoconfigure.MybatisPlusProperties] is not eligible for getting processed by all BeanPostProcessors (for example: not eligible for auto-proxying)
2025-04-25 23:23:53.198  INFO 13500 --- [restartedMain] trationDelegate$BeanPostProcessorChecker : Bean 'mybatisPlusConfig' of type [com.ins1st.core.config.mybatisplus.MybatisPlusConfig$$EnhancerBySpringCGLIB$$eb294df7] is not eligible for getting processed by all BeanPostProcessors (for example: not eligible for auto-proxying)
2025-04-25 23:23:53.205  INFO 13500 --- [restartedMain] trationDelegate$BeanPostProcessorChecker : Bean 'paginationInterceptor' of type [com.baomidou.mybatisplus.extension.plugins.PaginationInterceptor] is not eligible for getting processed by all BeanPostProcessors (for example: not eligible for auto-proxying)
2025-04-25 23:23:53.211  INFO 13500 --- [restartedMain] trationDelegate$BeanPostProcessorChecker : Bean 'com.baomidou.mybatisplus.autoconfigure.MybatisPlusAutoConfiguration' of type [com.baomidou.mybatisplus.autoconfigure.MybatisPlusAutoConfiguration$$EnhancerBySpringCGLIB$$ce50b098] is not eligible for getting processed by all BeanPostProcessors (for example: not eligible for auto-proxying)
2025-04-25 23:23:53.215  INFO 13500 --- [restartedMain] trationDelegate$BeanPostProcessorChecker : Bean 'druidConfig' of type [com.ins1st.core.config.druid.DruidConfig$$EnhancerBySpringCGLIB$$67d61841] is not eligible for getting processed by all BeanPostProcessors (for example: not eligible for auto-proxying)
2025-04-25 23:23:53.305  INFO 13500 --- [restartedMain] trationDelegate$BeanPostProcessorChecker : Bean 'druidDataSource' of type [com.alibaba.druid.pool.DruidDataSource] is not eligible for getting processed by all BeanPostProcessors (for example: not eligible for auto-proxying)
2025-04-25 23:23:53.346  INFO 13500 --- [restartedMain] trationDelegate$BeanPostProcessorChecker : Bean 'spring.datasource-org.springframework.boot.autoconfigure.jdbc.DataSourceProperties' of type [org.springframework.boot.autoconfigure.jdbc.DataSourceProperties] is not eligible for getting processed by all BeanPostProcessors (for example: not eligible for auto-proxying)
2025-04-25 23:23:53.358  INFO 13500 --- [restartedMain] trationDelegate$BeanPostProcessorChecker : Bean 'org.springframework.boot.autoconfigure.jdbc.DataSourceInitializerInvoker' of type [org.springframework.boot.autoconfigure.jdbc.DataSourceInitializerInvoker] is not eligible for getting processed by all BeanPostProcessors (for example: not eligible for auto-proxying)
2025-04-25 23:23:53.728  INFO 13500 --- [restartedMain] com.alibaba.druid.pool.DruidDataSource   : {dataSource-1} inited
2025-04-25 23:23:54.185  INFO 13500 --- [restartedMain] trationDelegate$BeanPostProcessorChecker : Bean 'sqlSessionFactory' of type [org.apache.ibatis.session.defaults.DefaultSqlSessionFactory] is not eligible for getting processed by all BeanPostProcessors (for example: not eligible for auto-proxying)
2025-04-25 23:23:54.202  INFO 13500 --- [restartedMain] trationDelegate$BeanPostProcessorChecker : Bean 'sqlSessionTemplate' of type [org.mybatis.spring.SqlSessionTemplate] is not eligible for getting processed by all BeanPostProcessors (for example: not eligible for auto-proxying)
2025-04-25 23:23:54.206  INFO 13500 --- [restartedMain] trationDelegate$BeanPostProcessorChecker : Bean 'sysUserMapper' of type [org.mybatis.spring.mapper.MapperFactoryBean] is not eligible for getting processed by all BeanPostProcessors (for example: not eligible for auto-proxying)
2025-04-25 23:23:54.213  INFO 13500 --- [restartedMain] trationDelegate$BeanPostProcessorChecker : Bean 'sysUserMapper' of type [com.sun.proxy.$Proxy88] is not eligible for getting processed by all BeanPostProcessors (for example: not eligible for auto-proxying)
2025-04-25 23:23:54.220  INFO 13500 --- [restartedMain] trationDelegate$BeanPostProcessorChecker : Bean 'sysUserRoleMapper' of type [org.mybatis.spring.mapper.MapperFactoryBean] is not eligible for getting processed by all BeanPostProcessors (for example: not eligible for auto-proxying)
2025-04-25 23:23:54.222  INFO 13500 --- [restartedMain] trationDelegate$BeanPostProcessorChecker : Bean 'sysUserRoleMapper' of type [com.sun.proxy.$Proxy90] is not eligible for getting processed by all BeanPostProcessors (for example: not eligible for auto-proxying)
2025-04-25 23:23:54.229  INFO 13500 --- [restartedMain] trationDelegate$BeanPostProcessorChecker : Bean 'sysRoleMapper' of type [org.mybatis.spring.mapper.MapperFactoryBean] is not eligible for getting processed by all BeanPostProcessors (for example: not eligible for auto-proxying)
2025-04-25 23:23:54.231  INFO 13500 --- [restartedMain] trationDelegate$BeanPostProcessorChecker : Bean 'sysRoleMapper' of type [com.sun.proxy.$Proxy91] is not eligible for getting processed by all BeanPostProcessors (for example: not eligible for auto-proxying)
2025-04-25 23:23:54.236  INFO 13500 --- [restartedMain] trationDelegate$BeanPostProcessorChecker : Bean 'sysRoleMenuMapper' of type [org.mybatis.spring.mapper.MapperFactoryBean] is not eligible for getting processed by all BeanPostProcessors (for example: not eligible for auto-proxying)
2025-04-25 23:23:54.239  INFO 13500 --- [restartedMain] trationDelegate$BeanPostProcessorChecker : Bean 'sysRoleMenuMapper' of type [com.sun.proxy.$Proxy92] is not eligible for getting processed by all BeanPostProcessors (for example: not eligible for auto-proxying)
2025-04-25 23:23:54.244  INFO 13500 --- [restartedMain] trationDelegate$BeanPostProcessorChecker : Bean 'sysMenuMapper' of type [org.mybatis.spring.mapper.MapperFactoryBean] is not eligible for getting processed by all BeanPostProcessors (for example: not eligible for auto-proxying)
2025-04-25 23:23:54.246  INFO 13500 --- [restartedMain] trationDelegate$BeanPostProcessorChecker : Bean 'sysMenuMapper' of type [com.sun.proxy.$Proxy93] is not eligible for getting processed by all BeanPostProcessors (for example: not eligible for auto-proxying)
2025-04-25 23:23:54.247  INFO 13500 --- [restartedMain] trationDelegate$BeanPostProcessorChecker : Bean 'sysUserService' of type [com.ins1st.modules.sys.user.service.impl.SysUserServiceImpl] is not eligible for getting processed by all BeanPostProcessors (for example: not eligible for auto-proxying)
2025-04-25 23:23:54.291  INFO 13500 --- [restartedMain] trationDelegate$BeanPostProcessorChecker : Bean 'shiroRealm' of type [com.ins1st.core.shiro.ShiroRealm] is not eligible for getting processed by all BeanPostProcessors (for example: not eligible for auto-proxying)
2025-04-25 23:23:54.295  INFO 13500 --- [restartedMain] o.a.shiro.cache.ehcache.EhCacheManager   : Cache with name 'com.ins1st.core.shiro.ShiroRealm.authorizationCache' does not yet exist.  Creating now.
2025-04-25 23:23:54.363  INFO 13500 --- [restartedMain] o.a.shiro.cache.ehcache.EhCacheManager   : Added EhCache named [com.ins1st.core.shiro.ShiroRealm.authorizationCache]
2025-04-25 23:23:54.366  INFO 13500 --- [restartedMain] trationDelegate$BeanPostProcessorChecker : Bean 'securityManager' of type [org.apache.shiro.web.mgt.DefaultWebSecurityManager] is not eligible for getting processed by all BeanPostProcessors (for example: not eligible for auto-proxying)
2025-04-25 23:23:54.864  INFO 13500 --- [restartedMain] o.s.b.w.embedded.tomcat.TomcatWebServer  : Tomcat initialized with port(s): 8888 (http)
2025-04-25 23:23:54.894  INFO 13500 --- [restartedMain] o.apache.catalina.core.StandardService   : Starting service [Tomcat]
2025-04-25 23:23:54.894  INFO 13500 --- [restartedMain] org.apache.catalina.core.StandardEngine  : Starting Servlet engine: [Apache Tomcat/9.0.17]
2025-04-25 23:23:55.081  INFO 13500 --- [restartedMain] o.a.c.c.C.[Tomcat].[localhost].[/]       : Initializing Spring embedded WebApplicationContext
2025-04-25 23:23:55.082  INFO 13500 --- [restartedMain] o.s.web.context.ContextLoader            : Root WebApplicationContext: initialization completed in 6260 ms
2025-04-25 23:23:56.487  INFO 13500 --- [restartedMain] pertySourcedRequestMappingHandlerMapping : Mapped URL path [/v2/api-docs] onto method [public org.springframework.http.ResponseEntity<springfox.documentation.spring.web.json.Json> springfox.documentation.swagger2.web.Swagger2Controller.getDocumentation(java.lang.String,javax.servlet.http.HttpServletRequest)]
2025-04-25 23:23:56.758  INFO 13500 --- [restartedMain] o.s.s.concurrent.ThreadPoolTaskExecutor  : Initializing ExecutorService 'applicationTaskExecutor'
2025-04-25 23:23:56.802  INFO 13500 --- [restartedMain] o.s.b.d.a.OptionalLiveReloadServer       : LiveReload server is running on port 35729
2025-04-25 23:23:57.702  INFO 13500 --- [restartedMain] d.s.w.p.DocumentationPluginsBootstrapper : Context refreshed
2025-04-25 23:23:57.731  INFO 13500 --- [restartedMain] d.s.w.p.DocumentationPluginsBootstrapper : Found 1 custom documentation plugin(s)
2025-04-25 23:23:57.751  INFO 13500 --- [restartedMain] s.d.s.w.s.ApiListingReferenceScanner     : Scanning for api listing references
2025-04-25 23:23:57.901  INFO 13500 --- [restartedMain] o.s.b.w.embedded.tomcat.TomcatWebServer  : Tomcat started on port(s): 8888 (http) with context path ''
2025-04-25 23:23:57.903  INFO 13500 --- [restartedMain] com.ins1st.Ins1stWebApplication          : Started Ins1stWebApplication in 9.72 seconds (JVM running for 10.331)
